Command line invocation:
    /Applications/Xcode.app/Contents/Developer/usr/bin/xcodebuild -project ios/Runner.xcodeproj -scheme Runner -sdk iphonesimulator -arch arm64 -configuration Debug

User defaults from command line:
    IDEPackageSupportUseBuiltinSCM = YES

Build settings from command line:
    ARCHS = arm64
    SDKROOT = iphonesimulator18.2

--- xcodebuild: WARNING: Using the first of multiple matching destinations:
{ platform:iOS Simulator, id:dvtdevice-DVTiOSDeviceSimulatorPlaceholder-iphonesimulator:placeholder, name:Any iOS Simulator Device }
{ platform:iOS Simulator, id:922F28FD-3270-4CF8-86E3-C74747F8C07E, OS:18.3.1, name:iPad (10th generation) }
{ platform:iOS Simulator, id:2B1B8132-3107-4644-9BC8-791B2EC47887, OS:18.3.1, name:iPad (A16) }
{ platform:iOS Simulator, id:1AD0680A-CAFF-425D-B636-6AD5268715E9, OS:18.3.1, name:iPad Air 11-inch (M2) }
{ platform:iOS Simulator, id:7AFAEC41-5F24-436B-A64B-43F8920DCFDE, OS:18.3.1, name:iPad Air 11-inch (M2) }
{ platform:iOS Simulator, id:6BDC8160-E896-4F7B-9F6E-F715B9858F33, OS:18.3.1, name:iPad Air 11-inch (M3) }
{ platform:iOS Simulator, id:D77C3D0F-86E3-4AEB-AA25-1B5AFCAF0999, OS:18.3.1, name:iPad Air 13-inch (M2) }
{ platform:iOS Simulator, id:9603D5EC-5D12-46FE-B21E-D2675494F3E3, OS:18.3.1, name:iPad Air 13-inch (M3) }
{ platform:iOS Simulator, id:91C9D943-D84D-4A44-B75A-1A49A8B6521B, OS:18.3.1, name:iPad Pro 11-inch (M4) }
{ platform:iOS Simulator, id:E1A738DF-3089-43FD-B487-D999ED02599C, OS:18.3.1, name:iPad Pro 13-inch (M4) }
{ platform:iOS Simulator, id:50AE9B0E-1B71-4EE8-A285-7415E0959A63, OS:18.3.1, name:iPad mini (A17 Pro) }
{ platform:iOS Simulator, id:19703B82-C968-41AD-B453-75299147B5D3, OS:18.3.1, name:iPhone 16 }
{ platform:iOS Simulator, id:0633818D-34D3-4A6B-AF5A-D716F0F7DAE4, OS:18.3.1, name:iPhone 16 Plus }
{ platform:iOS Simulator, id:E54A0361-0CEF-43FD-8953-9FAC1D1BC413, OS:18.3.1, name:iPhone 16 Plus }
{ platform:iOS Simulator, id:3751CE51-EF4C-493D-ADC9-4F43FCC3D725, OS:18.3.1, name:iPhone 16 Pro }
{ platform:iOS Simulator, id:714F54C1-7E1C-47AA-8D96-D2EB955DD3FE, OS:18.3.1, name:iPhone 16 Pro }
{ platform:iOS Simulator, id:EA0C6564-6EA8-4EFE-9A41-3F2607FA2D7D, OS:18.3.1, name:iPhone 16 Pro Max }
{ platform:iOS Simulator, id:9228188A-AAA7-441A-B126-523FDA5F6575, OS:18.3.1, name:iPhone 16e }
{ platform:iOS Simulator, id:C68A5462-B09D-4C57-9867-7C8341E453DA, OS:18.3.1, name:iPhone SE (3rd generation) }
{ platform:iOS Simulator, id:DA23CCE0-D8EE-40D2-BF7C-A1EB8CEE00E1, OS:18.3.1, name:iPhone SE (3rd generation) }
{ platform:iOS Simulator, id:922F28FD-3270-4CF8-86E3-C74747F8C07E, OS:18.3.1, name:iPad (10th generation) }
{ platform:iOS Simulator, id:2B1B8132-3107-4644-9BC8-791B2EC47887, OS:18.3.1, name:iPad (A16) }
{ platform:iOS Simulator, id:1AD0680A-CAFF-425D-B636-6AD5268715E9, OS:18.3.1, name:iPad Air 11-inch (M2) }
{ platform:iOS Simulator, id:7AFAEC41-5F24-436B-A64B-43F8920DCFDE, OS:18.3.1, name:iPad Air 11-inch (M2) }
{ platform:iOS Simulator, id:6BDC8160-E896-4F7B-9F6E-F715B9858F33, OS:18.3.1, name:iPad Air 11-inch (M3) }
{ platform:iOS Simulator, id:D77C3D0F-86E3-4AEB-AA25-1B5AFCAF0999, OS:18.3.1, name:iPad Air 13-inch (M2) }
{ platform:iOS Simulator, id:9603D5EC-5D12-46FE-B21E-D2675494F3E3, OS:18.3.1, name:iPad Air 13-inch (M3) }
{ platform:iOS Simulator, id:91C9D943-D84D-4A44-B75A-1A49A8B6521B, OS:18.3.1, name:iPad Pro 11-inch (M4) }
{ platform:iOS Simulator, id:E1A738DF-3089-43FD-B487-D999ED02599C, OS:18.3.1, name:iPad Pro 13-inch (M4) }
{ platform:iOS Simulator, id:50AE9B0E-1B71-4EE8-A285-7415E0959A63, OS:18.3.1, name:iPad mini (A17 Pro) }
{ platform:iOS Simulator, id:19703B82-C968-41AD-B453-75299147B5D3, OS:18.3.1, name:iPhone 16 }
{ platform:iOS Simulator, id:0633818D-34D3-4A6B-AF5A-D716F0F7DAE4, OS:18.3.1, name:iPhone 16 Plus }
{ platform:iOS Simulator, id:E54A0361-0CEF-43FD-8953-9FAC1D1BC413, OS:18.3.1, name:iPhone 16 Plus }
{ platform:iOS Simulator, id:3751CE51-EF4C-493D-ADC9-4F43FCC3D725, OS:18.3.1, name:iPhone 16 Pro }
{ platform:iOS Simulator, id:714F54C1-7E1C-47AA-8D96-D2EB955DD3FE, OS:18.3.1, name:iPhone 16 Pro }
{ platform:iOS Simulator, id:EA0C6564-6EA8-4EFE-9A41-3F2607FA2D7D, OS:18.3.1, name:iPhone 16 Pro Max }
{ platform:iOS Simulator, id:9228188A-AAA7-441A-B126-523FDA5F6575, OS:18.3.1, name:iPhone 16e }
{ platform:iOS Simulator, id:C68A5462-B09D-4C57-9867-7C8341E453DA, OS:18.3.1, name:iPhone SE (3rd generation) }
{ platform:iOS Simulator, id:DA23CCE0-D8EE-40D2-BF7C-A1EB8CEE00E1, OS:18.3.1, name:iPhone SE (3rd generation) }
{ platform:macOS, arch:arm64, variant:Designed for [iPad,iPhone], id:00006000-001244163CA1801E, name:My Mac }
{ platform:iOS, id:dvtdevice-DVTiPhonePlaceholder-iphoneos:placeholder, name:Any iOS Device }
Prepare packages

ComputeTargetDependencyGraph
note: Building targets in dependency order
note: Target dependency graph (1 target)
    Target 'Runner' in project 'Runner' (no dependencies)

GatherProvisioningInputs

CreateBuildDescription

ExecuteExternalTool /Applications/Xcode.app/Contents/Developer/usr/bin/ibtool --version --output-format xml1

ExecuteExternalTool /Applications/Xcode.app/Contents/Developer/Toolchains/XcodeDefault.xctoolchain/usr/bin/clang -v -E -dM -arch arm64 -isysroot /Applications/Xcode.app/Contents/Developer/Platforms/iPhoneSimulator.platform/Developer/SDKs/iPhoneSimulator18.2.sdk -x c -c /dev/null

ExecuteExternalTool /Applications/Xcode.app/Contents/Developer/Toolchains/XcodeDefault.xctoolchain/usr/bin/clang -v -E -dM -isysroot /Applications/Xcode.app/Contents/Developer/Platforms/iPhoneSimulator.platform/Developer/SDKs/iPhoneSimulator18.2.sdk -x c -c /dev/null

ExecuteExternalTool /Applications/Xcode.app/Contents/Developer/Toolchains/XcodeDefault.xctoolchain/usr/bin/clang -v -E -dM -arch arm64 -isysroot /Applications/Xcode.app/Contents/Developer/Platforms/iPhoneSimulator.platform/Developer/SDKs/iPhoneSimulator18.2.sdk -x objective-c -c /dev/null

ExecuteExternalTool /Applications/Xcode.app/Contents/Developer/usr/bin/actool --print-asset-tag-combinations --output-format xml1 /Users/admin/StudioProjects/sbo/ios/Runner/Assets.xcassets

ExecuteExternalTool /Applications/Xcode.app/Contents/Developer/usr/bin/actool --version --output-format xml1

ExecuteExternalTool /Applications/Xcode.app/Contents/Developer/Toolchains/XcodeDefault.xctoolchain/usr/bin/swiftc --version

ExecuteExternalTool /Applications/Xcode.app/Contents/Developer/Toolchains/XcodeDefault.xctoolchain/usr/bin/ld -version_details

Build description signature: f1e0bb5f82a235b0367de192736a8c07
Build description path: /Users/admin/Library/Developer/Xcode/DerivedData/Runner-bigtktwrsvasdzabxduhtmxdgqvz/Build/Intermediates.noindex/XCBuildData/f1e0bb5f82a235b0367de192736a8c07.xcbuilddata
ClangStatCache /Applications/Xcode.app/Contents/Developer/Toolchains/XcodeDefault.xctoolchain/usr/bin/clang-stat-cache /Applications/Xcode.app/Contents/Developer/Platforms/iPhoneSimulator.platform/Developer/SDKs/iPhoneSimulator18.2.sdk /Users/admin/Library/Developer/Xcode/DerivedData/SDKStatCaches.noindex/iphonesimulator18.2-22C146-07b28473f605e47e75261259d3ef3b5a.sdkstatcache
    cd /Users/admin/StudioProjects/sbo/ios/Runner.xcodeproj
    /Applications/Xcode.app/Contents/Developer/Toolchains/XcodeDefault.xctoolchain/usr/bin/clang-stat-cache /Applications/Xcode.app/Contents/Developer/Platforms/iPhoneSimulator.platform/Developer/SDKs/iPhoneSimulator18.2.sdk -o /Users/admin/Library/Developer/Xcode/DerivedData/SDKStatCaches.noindex/iphonesimulator18.2-22C146-07b28473f605e47e75261259d3ef3b5a.sdkstatcache

WriteAuxiliaryFile /Users/admin/Library/Developer/Xcode/DerivedData/Runner-bigtktwrsvasdzabxduhtmxdgqvz/Build/Intermediates.noindex/Runner.build/Debug-iphonesimulator/Runner.build/Objects-normal/arm64/e6072d4f65d7061329687fe24e3d63a7-common-args.resp (in target 'Runner' from project 'Runner')
    cd /Users/admin/StudioProjects/sbo/ios
    write-file /Users/admin/Library/Developer/Xcode/DerivedData/Runner-bigtktwrsvasdzabxduhtmxdgqvz/Build/Intermediates.noindex/Runner.build/Debug-iphonesimulator/Runner.build/Objects-normal/arm64/e6072d4f65d7061329687fe24e3d63a7-common-args.resp
-target arm64-apple-ios15.0-simulator '-std=gnu99' -fobjc-arc -fmodules -gmodules '-fmodules-cache-path=/Users/admin/Library/Developer/Xcode/DerivedData/ModuleCache.noindex' -fpascal-strings -O0 -fno-common '-DDEBUG=1' '-DOBJC_OLD_DISPATCH_PROTOTYPES=0' -isysroot /Applications/Xcode.app/Contents/Developer/Platforms/iPhoneSimulator.platform/Developer/SDKs/iPhoneSimulator18.2.sdk -g '-fobjc-abi-version=2' -fobjc-legacy-dispatch -iquote /Users/admin/Library/Developer/Xcode/DerivedData/Runner-bigtktwrsvasdzabxduhtmxdgqvz/Build/Intermediates.noindex/Runner.build/Debug-iphonesimulator/Runner.build/Runner-generated-files.hmap -I/Users/admin/Library/Developer/Xcode/DerivedData/Runner-bigtktwrsvasdzabxduhtmxdgqvz/Build/Intermediates.noindex/Runner.build/Debug-iphonesimulator/Runner.build/Runner-own-target-headers.hmap -I/Users/admin/Library/Developer/Xcode/DerivedData/Runner-bigtktwrsvasdzabxduhtmxdgqvz/Build/Intermediates.noindex/Runner.build/Debug-iphonesimulator/Runner.build/Runner-all-target-headers.hmap -iquote /Users/admin/Library/Developer/Xcode/DerivedData/Runner-bigtktwrsvasdzabxduhtmxdgqvz/Build/Intermediates.noindex/Runner.build/Debug-iphonesimulator/Runner.build/Runner-project-headers.hmap -I/Users/admin/Library/Developer/Xcode/DerivedData/Runner-bigtktwrsvasdzabxduhtmxdgqvz/Build/Products/Debug-iphonesimulator/include -I/Users/admin/Library/Developer/Xcode/DerivedData/Runner-bigtktwrsvasdzabxduhtmxdgqvz/Build/Intermediates.noindex/Runner.build/Debug-iphonesimulator/Runner.build/DerivedSources-normal/arm64 -I/Users/admin/Library/Developer/Xcode/DerivedData/Runner-bigtktwrsvasdzabxduhtmxdgqvz/Build/Intermediates.noindex/Runner.build/Debug-iphonesimulator/Runner.build/DerivedSources/arm64 -I/Users/admin/Library/Developer/Xcode/DerivedData/Runner-bigtktwrsvasdzabxduhtmxdgqvz/Build/Intermediates.noindex/Runner.build/Debug-iphonesimulator/Runner.build/DerivedSources -F/Users/admin/Library/Developer/Xcode/DerivedData/Runner-bigtktwrsvasdzabxduhtmxdgqvz/Build/Products/Debug-iphonesimulator

WriteAuxiliaryFile /Users/admin/Library/Developer/Xcode/DerivedData/Runner-bigtktwrsvasdzabxduhtmxdgqvz/Build/Intermediates.noindex/Runner.build/Debug-iphonesimulator/Runner.build/Objects-normal/arm64/7187679823f38a2a940e0043cdf9d637-common-args.resp (in target 'Runner' from project 'Runner')
    cd /Users/admin/StudioProjects/sbo/ios
    write-file /Users/admin/Library/Developer/Xcode/DerivedData/Runner-bigtktwrsvasdzabxduhtmxdgqvz/Build/Intermediates.noindex/Runner.build/Debug-iphonesimulator/Runner.build/Objects-normal/arm64/7187679823f38a2a940e0043cdf9d637-common-args.resp
-target arm64-apple-ios15.0-simulator '-std=gnu99' -fmodules -gmodules '-fmodules-cache-path=/Users/admin/Library/Developer/Xcode/DerivedData/ModuleCache.noindex' -fpascal-strings -O0 -fno-common '-DDEBUG=1' -isysroot /Applications/Xcode.app/Contents/Developer/Platforms/iPhoneSimulator.platform/Developer/SDKs/iPhoneSimulator18.2.sdk -g -iquote /Users/admin/Library/Developer/Xcode/DerivedData/Runner-bigtktwrsvasdzabxduhtmxdgqvz/Build/Intermediates.noindex/Runner.build/Debug-iphonesimulator/Runner.build/Runner-generated-files.hmap -I/Users/admin/Library/Developer/Xcode/DerivedData/Runner-bigtktwrsvasdzabxduhtmxdgqvz/Build/Intermediates.noindex/Runner.build/Debug-iphonesimulator/Runner.build/Runner-own-target-headers.hmap -I/Users/admin/Library/Developer/Xcode/DerivedData/Runner-bigtktwrsvasdzabxduhtmxdgqvz/Build/Intermediates.noindex/Runner.build/Debug-iphonesimulator/Runner.build/Runner-all-target-headers.hmap -iquote /Users/admin/Library/Developer/Xcode/DerivedData/Runner-bigtktwrsvasdzabxduhtmxdgqvz/Build/Intermediates.noindex/Runner.build/Debug-iphonesimulator/Runner.build/Runner-project-headers.hmap -I/Users/admin/Library/Developer/Xcode/DerivedData/Runner-bigtktwrsvasdzabxduhtmxdgqvz/Build/Products/Debug-iphonesimulator/include -I/Users/admin/Library/Developer/Xcode/DerivedData/Runner-bigtktwrsvasdzabxduhtmxdgqvz/Build/Intermediates.noindex/Runner.build/Debug-iphonesimulator/Runner.build/DerivedSources-normal/arm64 -I/Users/admin/Library/Developer/Xcode/DerivedData/Runner-bigtktwrsvasdzabxduhtmxdgqvz/Build/Intermediates.noindex/Runner.build/Debug-iphonesimulator/Runner.build/DerivedSources/arm64 -I/Users/admin/Library/Developer/Xcode/DerivedData/Runner-bigtktwrsvasdzabxduhtmxdgqvz/Build/Intermediates.noindex/Runner.build/Debug-iphonesimulator/Runner.build/DerivedSources -F/Users/admin/Library/Developer/Xcode/DerivedData/Runner-bigtktwrsvasdzabxduhtmxdgqvz/Build/Products/Debug-iphonesimulator

ProcessProductPackaging "" /Users/admin/Library/Developer/Xcode/DerivedData/Runner-bigtktwrsvasdzabxduhtmxdgqvz/Build/Intermediates.noindex/Runner.build/Debug-iphonesimulator/Runner.build/Runner.app-Simulated.xcent (in target 'Runner' from project 'Runner')
    cd /Users/admin/StudioProjects/sbo/ios
    
    Entitlements:
    
    {
    "application-identifier" = "UPSLU37M5M.com.example.sbo";
}
    
    builtin-productPackagingUtility -entitlements -format xml -o /Users/admin/Library/Developer/Xcode/DerivedData/Runner-bigtktwrsvasdzabxduhtmxdgqvz/Build/Intermediates.noindex/Runner.build/Debug-iphonesimulator/Runner.build/Runner.app-Simulated.xcent

ProcessProductPackagingDER /Users/admin/Library/Developer/Xcode/DerivedData/Runner-bigtktwrsvasdzabxduhtmxdgqvz/Build/Intermediates.noindex/Runner.build/Debug-iphonesimulator/Runner.build/Runner.app-Simulated.xcent /Users/admin/Library/Developer/Xcode/DerivedData/Runner-bigtktwrsvasdzabxduhtmxdgqvz/Build/Intermediates.noindex/Runner.build/Debug-iphonesimulator/Runner.build/Runner.app-Simulated.xcent.der (in target 'Runner' from project 'Runner')
    cd /Users/admin/StudioProjects/sbo/ios
    /usr/bin/derq query -f xml -i /Users/admin/Library/Developer/Xcode/DerivedData/Runner-bigtktwrsvasdzabxduhtmxdgqvz/Build/Intermediates.noindex/Runner.build/Debug-iphonesimulator/Runner.build/Runner.app-Simulated.xcent -o /Users/admin/Library/Developer/Xcode/DerivedData/Runner-bigtktwrsvasdzabxduhtmxdgqvz/Build/Intermediates.noindex/Runner.build/Debug-iphonesimulator/Runner.build/Runner.app-Simulated.xcent.der --raw

PhaseScriptExecution Run\ Script /Users/admin/Library/Developer/Xcode/DerivedData/Runner-bigtktwrsvasdzabxduhtmxdgqvz/Build/Intermediates.noindex/Runner.build/Debug-iphonesimulator/Runner.build/Script-9740EEB61CF901F6004384FC.sh (in target 'Runner' from project 'Runner')
    cd /Users/admin/StudioProjects/sbo/ios
    export ACTION\=build
    export AD_HOC_CODE_SIGNING_ALLOWED\=YES
    export AGGREGATE_TRACKED_DOMAINS\=YES
    export ALLOW_BUILD_REQUEST_OVERRIDES\=NO
    export ALLOW_TARGET_PLATFORM_SPECIALIZATION\=NO
    export ALTERNATE_GROUP\=admin
    export ALTERNATE_MODE\=u+w,go-w,a+rX
    export ALTERNATE_OWNER\=admin
    export ALTERNATIVE_DISTRIBUTION_WEB\=NO
    export ALWAYS_EMBED_SWIFT_STANDARD_LIBRARIES\=NO
    export ALWAYS_SEARCH_USER_PATHS\=NO
    export ALWAYS_USE_SEPARATE_HEADERMAPS\=NO
    export APPLE_INTERNAL_DEVELOPER_DIR\=/AppleInternal/Developer
    export APPLE_INTERNAL_DIR\=/AppleInternal
    export APPLE_INTERNAL_DOCUMENTATION_DIR\=/AppleInternal/Documentation
    export APPLE_INTERNAL_LIBRARY_DIR\=/AppleInternal/Library
    export APPLE_INTERNAL_TOOLS\=/AppleInternal/Developer/Tools
    export APPLICATION_EXTENSION_API_ONLY\=NO
    export APPLY_RULES_IN_COPY_FILES\=NO
    export APPLY_RULES_IN_COPY_HEADERS\=NO
    export APP_SHORTCUTS_ENABLE_FLEXIBLE_MATCHING\=YES
    export ARCHS\=arm64
    export ARCHS_STANDARD\=arm64\ x86_64
    export ARCHS_STANDARD_32_64_BIT\=arm64\ i386\ x86_64
    export ARCHS_STANDARD_32_BIT\=i386
    export ARCHS_STANDARD_64_BIT\=arm64\ x86_64
    export ARCHS_STANDARD_INCLUDING_64_BIT\=arm64\ x86_64
    export ARCHS_UNIVERSAL_IPHONE_OS\=arm64\ i386\ x86_64
    export ASSETCATALOG_COMPILER_APPICON_NAME\=AppIcon
    export ASSETCATALOG_COMPILER_GENERATE_ASSET_SYMBOLS\=YES
    export ASSETCATALOG_COMPILER_GENERATE_SWIFT_ASSET_SYMBOL_EXTENSIONS\=AppIcon
    export AUTOMATICALLY_MERGE_DEPENDENCIES\=NO
    export AVAILABLE_PLATFORMS\=appletvos\ appletvsimulator\ driverkit\ iphoneos\ iphonesimulator\ macosx\ watchos\ watchsimulator\ xros\ xrsimulator
    export AppIdentifierPrefix\=UPSLU37M5M.
    export BITCODE_GENERATION_MODE\=marker
    export BUILD_ACTIVE_RESOURCES_ONLY\=NO
    export BUILD_COMPONENTS\=headers\ build
    export BUILD_DIR\=/Users/admin/Library/Developer/Xcode/DerivedData/Runner-bigtktwrsvasdzabxduhtmxdgqvz/Build/Products
    export BUILD_LIBRARY_FOR_DISTRIBUTION\=NO
    export BUILD_ROOT\=/Users/admin/Library/Developer/Xcode/DerivedData/Runner-bigtktwrsvasdzabxduhtmxdgqvz/Build/Products
    export BUILD_STYLE\=
    export BUILD_VARIANTS\=normal
    export BUILT_PRODUCTS_DIR\=/Users/admin/Library/Developer/Xcode/DerivedData/Runner-bigtktwrsvasdzabxduhtmxdgqvz/Build/Products/Debug-iphonesimulator
    export BUNDLE_CONTENTS_FOLDER_PATH_deep\=Contents/
    export BUNDLE_EXECUTABLE_FOLDER_NAME_deep\=MacOS
    export BUNDLE_EXTENSIONS_FOLDER_PATH\=Extensions
    export BUNDLE_FORMAT\=shallow
    export BUNDLE_FRAMEWORKS_FOLDER_PATH\=Frameworks
    export BUNDLE_PLUGINS_FOLDER_PATH\=PlugIns
    export BUNDLE_PRIVATE_HEADERS_FOLDER_PATH\=PrivateHeaders
    export BUNDLE_PUBLIC_HEADERS_FOLDER_PATH\=Headers
    export CACHE_ROOT\=/var/folders/7m/9vg2bqps52j3mlx_5qwlqnjh0000gn/C/com.apple.DeveloperTools/16.2-16C5032a/Xcode
    export CCHROOT\=/var/folders/7m/9vg2bqps52j3mlx_5qwlqnjh0000gn/C/com.apple.DeveloperTools/16.2-16C5032a/Xcode
    export CHMOD\=/bin/chmod
    export CHOWN\=/usr/sbin/chown
    export CLANG_ANALYZER_NONNULL\=YES
    export CLANG_CACHE_FINE_GRAINED_OUTPUTS\=YES
    export CLANG_CXX_LANGUAGE_STANDARD\=gnu++0x
    export CLANG_CXX_LIBRARY\=libc++
    export CLANG_ENABLE_EXPLICIT_MODULES\=YES
    export CLANG_ENABLE_MODULES\=YES
    export CLANG_ENABLE_OBJC_ARC\=YES
    export CLANG_MODULES_BUILD_SESSION_FILE\=/Users/admin/Library/Developer/Xcode/DerivedData/ModuleCache.noindex/Session.modulevalidation
    export CLANG_WARN_BLOCK_CAPTURE_AUTORELEASING\=YES
    export CLANG_WARN_BOOL_CONVERSION\=YES
    export CLANG_WARN_COMMA\=YES
    export CLANG_WARN_CONSTANT_CONVERSION\=YES
    export CLANG_WARN_DEPRECATED_OBJC_IMPLEMENTATIONS\=YES
    export CLANG_WARN_DIRECT_OBJC_ISA_USAGE\=YES_ERROR
    export CLANG_WARN_EMPTY_BODY\=YES
    export CLANG_WARN_ENUM_CONVERSION\=YES
    export CLANG_WARN_INFINITE_RECURSION\=YES
    export CLANG_WARN_INT_CONVERSION\=YES
    export CLANG_WARN_NON_LITERAL_NULL_CONVERSION\=YES
    export CLANG_WARN_OBJC_IMPLICIT_RETAIN_SELF\=YES
    export CLANG_WARN_OBJC_LITERAL_CONVERSION\=YES
    export CLANG_WARN_OBJC_ROOT_CLASS\=YES_ERROR
    export CLANG_WARN_RANGE_LOOP_ANALYSIS\=YES
    export CLANG_WARN_STRICT_PROTOTYPES\=YES
    export CLANG_WARN_SUSPICIOUS_MOVE\=YES
    export CLANG_WARN_UNREACHABLE_CODE\=YES
    export CLANG_WARN__DUPLICATE_METHOD_MATCH\=YES
    export CLASS_FILE_DIR\=/Users/admin/Library/Developer/Xcode/DerivedData/Runner-bigtktwrsvasdzabxduhtmxdgqvz/Build/Intermediates.noindex/Runner.build/Debug-iphonesimulator/Runner.build/JavaClasses
    export CLEAN_PRECOMPS\=YES
    export CLONE_HEADERS\=NO
    export COCOAPODS_PARALLEL_CODE_SIGN\=true
    export CODESIGNING_FOLDER_PATH\=/Users/admin/Library/Developer/Xcode/DerivedData/Runner-bigtktwrsvasdzabxduhtmxdgqvz/Build/Products/Debug-iphonesimulator/Runner.app
    export CODE_SIGNING_ALLOWED\=YES
    export CODE_SIGNING_REQUIRED\=YES
    export CODE_SIGN_CONTEXT_CLASS\=XCiPhoneSimulatorCodeSignContext
    export CODE_SIGN_IDENTITY\=-
    export CODE_SIGN_INJECT_BASE_ENTITLEMENTS\=YES
    export COLOR_DIAGNOSTICS\=NO
    export COMBINE_HIDPI_IMAGES\=NO
    export COMPILATION_CACHE_CAS_PATH\=/Users/admin/Library/Developer/Xcode/DerivedData/CompilationCache.noindex
    export COMPILATION_CACHE_KEEP_CAS_DIRECTORY\=YES
    export COMPILER_INDEX_STORE_ENABLE\=NO
    export COMPOSITE_SDK_DIRS\=/Users/admin/Library/Developer/Xcode/DerivedData/Runner-bigtktwrsvasdzabxduhtmxdgqvz/Build/Intermediates.noindex/CompositeSDKs
    export COMPRESS_PNG_FILES\=YES
    export CONFIGURATION\=Debug
    export CONFIGURATION_BUILD_DIR\=/Users/admin/Library/Developer/Xcode/DerivedData/Runner-bigtktwrsvasdzabxduhtmxdgqvz/Build/Products/Debug-iphonesimulator
    export CONFIGURATION_TEMP_DIR\=/Users/admin/Library/Developer/Xcode/DerivedData/Runner-bigtktwrsvasdzabxduhtmxdgqvz/Build/Intermediates.noindex/Runner.build/Debug-iphonesimulator
    export CONTENTS_FOLDER_PATH\=Runner.app
    export CONTENTS_FOLDER_PATH_SHALLOW_BUNDLE_NO\=Runner.app/Contents
    export CONTENTS_FOLDER_PATH_SHALLOW_BUNDLE_YES\=Runner.app
    export COPYING_PRESERVES_HFS_DATA\=NO
    export COPY_HEADERS_RUN_UNIFDEF\=NO
    export COPY_PHASE_STRIP\=NO
    export CORRESPONDING_DEVICE_PLATFORM_DIR\=/Applications/Xcode.app/Contents/Developer/Platforms/iPhoneOS.platform
    export CORRESPONDING_DEVICE_PLATFORM_NAME\=iphoneos
    export CORRESPONDING_DEVICE_SDK_DIR\=/Applications/Xcode.app/Contents/Developer/Platforms/iPhoneOS.platform/Developer/SDKs/iPhoneOS18.2.sdk
    export CORRESPONDING_DEVICE_SDK_NAME\=iphoneos18.2
    export CP\=/bin/cp
    export CREATE_INFOPLIST_SECTION_IN_BINARY\=NO
    export CURRENT_ARCH\=undefined_arch
    export CURRENT_PROJECT_VERSION\=1
    export CURRENT_VARIANT\=normal
    export DART_DEFINES\=RkxVVFRFUl9WRVJTSU9OPTMuNDEuMg\=\=,RkxVVFRFUl9DSEFOTkVMPXN0YWJsZQ\=\=,RkxVVFRFUl9HSVRfVVJMPWh0dHBzOi8vZ2l0aHViLmNvbS9mbHV0dGVyL2ZsdXR0ZXIuZ2l0,RkxVVFRFUl9GUkFNRVdPUktfUkVWSVNJT049OTA2NzNhNGVlZg\=\=,RkxVVFRFUl9FTkdJTkVfUkVWSVNJT049NmMwYmFhZWJmNw\=\=,RkxVVFRFUl9EQVJUX1ZFUlNJT049My4xMS4w
    export DART_OBFUSCATION\=false
    export DEAD_CODE_STRIPPING\=YES
    export DEBUGGING_SYMBOLS\=YES
    export DEBUG_INFORMATION_FORMAT\=dwarf
    export DEBUG_INFORMATION_VERSION\=compiler-default
    export DEFAULT_COMPILER\=com.apple.compilers.llvm.clang.1_0
    export DEFAULT_DEXT_INSTALL_PATH\=/System/Library/DriverExtensions
    export DEFAULT_KEXT_INSTALL_PATH\=/System/Library/Extensions
    export DEFINES_MODULE\=NO
    export DEPLOYMENT_LOCATION\=NO
    export DEPLOYMENT_POSTPROCESSING\=NO
    export DEPLOYMENT_TARGET_SETTING_NAME\=IPHONEOS_DEPLOYMENT_TARGET
    export DEPLOYMENT_TARGET_SUGGESTED_VALUES\=12.0\ 12.1\ 12.2\ 12.3\ 12.4\ 13.0\ 13.1\ 13.2\ 13.3\ 13.4\ 13.5\ 13.6\ 14.0\ 14.1\ 14.2\ 14.3\ 14.4\ 14.5\ 14.6\ 14.7\ 15.0\ 15.1\ 15.2\ 15.3\ 15.4\ 15.5\ 15.6\ 16.0\ 16.1\ 16.2\ 16.3\ 16.4\ 16.5\ 16.6\ 17.0\ 17.1\ 17.2\ 17.3\ 17.4\ 17.5\ 17.6\ 18.0\ 18.1\ 18.2
    export DERIVED_FILES_DIR\=/Users/admin/Library/Developer/Xcode/DerivedData/Runner-bigtktwrsvasdzabxduhtmxdgqvz/Build/Intermediates.noindex/Runner.build/Debug-iphonesimulator/Runner.build/DerivedSources
    export DERIVED_FILE_DIR\=/Users/admin/Library/Developer/Xcode/DerivedData/Runner-bigtktwrsvasdzabxduhtmxdgqvz/Build/Intermediates.noindex/Runner.build/Debug-iphonesimulator/Runner.build/DerivedSources
    export DERIVED_SOURCES_DIR\=/Users/admin/Library/Developer/Xcode/DerivedData/Runner-bigtktwrsvasdzabxduhtmxdgqvz/Build/Intermediates.noindex/Runner.build/Debug-iphonesimulator/Runner.build/DerivedSources
    export DEVELOPER_APPLICATIONS_DIR\=/Applications/Xcode.app/Contents/Developer/Applications
    export DEVELOPER_BIN_DIR\=/Applications/Xcode.app/Contents/Developer/usr/bin
    export DEVELOPER_DIR\=/Applications/Xcode.app/Contents/Developer
    export DEVELOPER_FRAMEWORKS_DIR\=/Applications/Xcode.app/Contents/Developer/Library/Frameworks
    export DEVELOPER_FRAMEWORKS_DIR_QUOTED\=/Applications/Xcode.app/Contents/Developer/Library/Frameworks
    export DEVELOPER_LIBRARY_DIR\=/Applications/Xcode.app/Contents/Developer/Library
    export DEVELOPER_SDK_DIR\=/Applications/Xcode.app/Contents/Developer/Platforms/MacOSX.platform/Developer/SDKs
    export DEVELOPER_TOOLS_DIR\=/Applications/Xcode.app/Contents/Developer/Tools
    export DEVELOPER_USR_DIR\=/Applications/Xcode.app/Contents/Developer/usr
    export DEVELOPMENT_LANGUAGE\=en
    export DEVELOPMENT_TEAM\=UPSLU37M5M
    export DIFF\=/usr/bin/diff
    export DOCUMENTATION_FOLDER_PATH\=Runner.app/en.lproj/Documentation
    export DONT_GENERATE_INFOPLIST_FILE\=NO
    export DSTROOT\=/tmp/Runner.dst
    export DT_TOOLCHAIN_DIR\=/Applications/Xcode.app/Contents/Developer/Toolchains/XcodeDefault.xctoolchain
    export DWARF_DSYM_FILE_NAME\=Runner.app.dSYM
    export DWARF_DSYM_FILE_SHOULD_ACCOMPANY_PRODUCT\=NO
    export DWARF_DSYM_FOLDER_PATH\=/Users/admin/Library/Developer/Xcode/DerivedData/Runner-bigtktwrsvasdzabxduhtmxdgqvz/Build/Products/Debug-iphonesimulator
    export DYNAMIC_LIBRARY_EXTENSION\=dylib
    export EAGER_COMPILATION_ALLOW_SCRIPTS\=NO
    export EAGER_LINKING\=NO
    export EFFECTIVE_PLATFORM_NAME\=-iphonesimulator
    export EMBEDDED_CONTENT_CONTAINS_SWIFT\=NO
    export EMBED_ASSET_PACKS_IN_PRODUCT_BUNDLE\=NO
    export ENABLE_APP_SANDBOX\=NO
    export ENABLE_BITCODE\=NO
    export ENABLE_CODE_COVERAGE\=YES
    export ENABLE_DEBUG_DYLIB\=YES
    export ENABLE_DEFAULT_HEADER_SEARCH_PATHS\=YES
    export ENABLE_DEFAULT_SEARCH_PATHS\=YES
    export ENABLE_HARDENED_RUNTIME\=NO
    export ENABLE_HEADER_DEPENDENCIES\=YES
    export ENABLE_ON_DEMAND_RESOURCES\=YES
    export ENABLE_PREVIEWS\=NO
    export ENABLE_STRICT_OBJC_MSGSEND\=YES
    export ENABLE_TESTABILITY\=YES
    export ENABLE_TESTING_SEARCH_PATHS\=NO
    export ENABLE_USER_SCRIPT_SANDBOXING\=NO
    export ENABLE_XOJIT_PREVIEWS\=YES
    export ENTITLEMENTS_ALLOWED\=NO
    export ENTITLEMENTS_DESTINATION\=__entitlements
    export ENTITLEMENTS_REQUIRED\=NO
    export EXCLUDED_ARCHS\=i386
    export EXCLUDED_INSTALLSRC_SUBDIRECTORY_PATTERNS\=.DS_Store\ .svn\ .git\ .hg\ CVS
    export EXCLUDED_RECURSIVE_SEARCH_PATH_SUBDIRECTORIES\=\*.nib\ \*.lproj\ \*.framework\ \*.gch\ \*.xcode\*\ \*.xcassets\ \(\*\)\ .DS_Store\ CVS\ .svn\ .git\ .hg\ \*.pbproj\ \*.pbxproj
    export EXECUTABLES_FOLDER_PATH\=Runner.app/Executables
    export EXECUTABLE_BLANK_INJECTION_DYLIB_PATH\=Runner.app/__preview.dylib
    export EXECUTABLE_DEBUG_DYLIB_INSTALL_NAME\=@rpath/Runner.debug.dylib
    export EXECUTABLE_DEBUG_DYLIB_PATH\=Runner.app/Runner.debug.dylib
    export EXECUTABLE_FOLDER_PATH\=Runner.app
    export EXECUTABLE_FOLDER_PATH_SHALLOW_BUNDLE_NO\=Runner.app/MacOS
    export EXECUTABLE_FOLDER_PATH_SHALLOW_BUNDLE_YES\=Runner.app
    export EXECUTABLE_NAME\=Runner
    export EXECUTABLE_PATH\=Runner.app/Runner
    export EXPANDED_CODE_SIGN_IDENTITY\=-
    export EXPANDED_CODE_SIGN_IDENTITY_NAME\=Sign\ to\ Run\ Locally
    export EXTENSIONS_FOLDER_PATH\=Runner.app/Extensions
    export FILE_LIST\=/Users/admin/Library/Developer/Xcode/DerivedData/Runner-bigtktwrsvasdzabxduhtmxdgqvz/Build/Intermediates.noindex/Runner.build/Debug-iphonesimulator/Runner.build/Objects/LinkFileList
    export FIXED_FILES_DIR\=/Users/admin/Library/Developer/Xcode/DerivedData/Runner-bigtktwrsvasdzabxduhtmxdgqvz/Build/Intermediates.noindex/Runner.build/Debug-iphonesimulator/Runner.build/FixedFiles
    export FLUTTER_APPLICATION_PATH\=/Users/admin/StudioProjects/sbo
    export FLUTTER_BUILD_DIR\=build
    export FLUTTER_BUILD_NAME\=1.0.0
    export FLUTTER_BUILD_NUMBER\=1
    export FLUTTER_ROOT\=/Users/admin/development/flutter
    export FLUTTER_TARGET\=lib/main.dart
    export FRAMEWORKS_FOLDER_PATH\=Runner.app/Frameworks
    export FRAMEWORK_FLAG_PREFIX\=-framework
    export FRAMEWORK_SEARCH_PATHS\=/Users/admin/Library/Developer/Xcode/DerivedData/Runner-bigtktwrsvasdzabxduhtmxdgqvz/Build/Products/Debug-iphonesimulator\ 
    export FRAMEWORK_VERSION\=A
    export FULL_PRODUCT_NAME\=Runner.app
    export FUSE_BUILD_PHASES\=YES
    export FUSE_BUILD_SCRIPT_PHASES\=NO
    export GCC3_VERSION\=3.3
    export GCC_C_LANGUAGE_STANDARD\=gnu99
    export GCC_DYNAMIC_NO_PIC\=NO
    export GCC_INLINES_ARE_PRIVATE_EXTERN\=YES
    export GCC_NO_COMMON_BLOCKS\=YES
    export GCC_OBJC_LEGACY_DISPATCH\=YES
    export GCC_OPTIMIZATION_LEVEL\=0
    export GCC_PFE_FILE_C_DIALECTS\=c\ objective-c\ c++\ objective-c++
    export GCC_PREPROCESSOR_DEFINITIONS\=DEBUG\=1\ 
    export GCC_SYMBOLS_PRIVATE_EXTERN\=NO
    export GCC_TREAT_WARNINGS_AS_ERRORS\=NO
    export GCC_VERSION\=com.apple.compilers.llvm.clang.1_0
    export GCC_VERSION_IDENTIFIER\=com_apple_compilers_llvm_clang_1_0
    export GCC_WARN_64_TO_32_BIT_CONVERSION\=YES
    export GCC_WARN_ABOUT_RETURN_TYPE\=YES_ERROR
    export GCC_WARN_UNDECLARED_SELECTOR\=YES
    export GCC_WARN_UNINITIALIZED_AUTOS\=YES_AGGRESSIVE
    export GCC_WARN_UNUSED_FUNCTION\=YES
    export GCC_WARN_UNUSED_VARIABLE\=YES
    export GENERATED_MODULEMAP_DIR\=/Users/admin/Library/Developer/Xcode/DerivedData/Runner-bigtktwrsvasdzabxduhtmxdgqvz/Build/Intermediates.noindex/GeneratedModuleMaps-iphonesimulator
    export GENERATE_INFOPLIST_FILE\=NO
    export GENERATE_INTERMEDIATE_TEXT_BASED_STUBS\=YES
    export GENERATE_MASTER_OBJECT_FILE\=NO
    export GENERATE_PKGINFO_FILE\=YES
    export GENERATE_PROFILING_CODE\=NO
    export GENERATE_TEXT_BASED_STUBS\=NO
    export GID\=80
    export GROUP\=admin
    export HEADERMAP_INCLUDES_FLAT_ENTRIES_FOR_TARGET_BEING_BUILT\=YES
    export HEADERMAP_INCLUDES_FRAMEWORK_ENTRIES_FOR_ALL_PRODUCT_TYPES\=YES
    export HEADERMAP_INCLUDES_FRAMEWORK_ENTRIES_FOR_TARGETS_NOT_BEING_BUILT\=YES
    export HEADERMAP_INCLUDES_NONPUBLIC_NONPRIVATE_HEADERS\=YES
    export HEADERMAP_INCLUDES_PROJECT_HEADERS\=YES
    export HEADERMAP_USES_FRAMEWORK_PREFIX_ENTRIES\=YES
    export HEADERMAP_USES_VFS\=NO
    export HEADER_SEARCH_PATHS\=/Users/admin/Library/Developer/Xcode/DerivedData/Runner-bigtktwrsvasdzabxduhtmxdgqvz/Build/Products/Debug-iphonesimulator/include\ 
    export HIDE_BITCODE_SYMBOLS\=YES
    export HOME\=/Users/admin
    export HOST_ARCH\=arm64
    export HOST_PLATFORM\=macosx
    export ICONV\=/usr/bin/iconv
    export IMPLICIT_DEPENDENCY_DOMAIN\=default
    export INFOPLIST_ENABLE_CFBUNDLEICONS_MERGE\=YES
    export INFOPLIST_EXPAND_BUILD_SETTINGS\=YES
    export INFOPLIST_FILE\=Runner/Info.plist
    export INFOPLIST_OUTPUT_FORMAT\=binary
    export INFOPLIST_PATH\=Runner.app/Info.plist
    export INFOPLIST_PREPROCESS\=NO
    export INFOSTRINGS_PATH\=Runner.app/en.lproj/InfoPlist.strings
    export INLINE_PRIVATE_FRAMEWORKS\=NO
    export INSTALLHDRS_COPY_PHASE\=NO
    export INSTALLHDRS_SCRIPT_PHASE\=NO
    export INSTALL_DIR\=/tmp/Runner.dst/Applications
    export INSTALL_GROUP\=admin
    export INSTALL_MODE_FLAG\=u+w,go-w,a+rX
    export INSTALL_OWNER\=admin
    export INSTALL_PATH\=/Applications
    export INSTALL_ROOT\=/tmp/Runner.dst
    export IPHONEOS_DEPLOYMENT_TARGET\=15.0
    export IS_UNOPTIMIZED_BUILD\=YES
    export JAVAC_DEFAULT_FLAGS\=-J-Xms64m\ -J-XX:NewSize\=4M\ -J-Dfile.encoding\=UTF8
    export JAVA_APP_STUB\=/System/Library/Frameworks/JavaVM.framework/Resources/MacOS/JavaApplicationStub
    export JAVA_ARCHIVE_CLASSES\=YES
    export JAVA_ARCHIVE_TYPE\=JAR
    export JAVA_COMPILER\=/usr/bin/javac
    export JAVA_FOLDER_PATH\=Runner.app/Java
    export JAVA_FRAMEWORK_RESOURCES_DIRS\=Resources
    export JAVA_JAR_FLAGS\=cv
    export JAVA_SOURCE_SUBDIR\=.
    export JAVA_USE_DEPENDENCIES\=YES
    export JAVA_ZIP_FLAGS\=-urg
    export JIKES_DEFAULT_FLAGS\=+E\ +OLDCSO
    export KEEP_PRIVATE_EXTERNS\=NO
    export LD_DEPENDENCY_INFO_FILE\=/Users/admin/Library/Developer/Xcode/DerivedData/Runner-bigtktwrsvasdzabxduhtmxdgqvz/Build/Intermediates.noindex/Runner.build/Debug-iphonesimulator/Runner.build/Objects-normal/undefined_arch/Runner_dependency_info.dat
    export LD_ENTITLEMENTS_SECTION\=/Users/admin/Library/Developer/Xcode/DerivedData/Runner-bigtktwrsvasdzabxduhtmxdgqvz/Build/Intermediates.noindex/Runner.build/Debug-iphonesimulator/Runner.build/Runner.app-Simulated.xcent
    export LD_ENTITLEMENTS_SECTION_DER\=/Users/admin/Library/Developer/Xcode/DerivedData/Runner-bigtktwrsvasdzabxduhtmxdgqvz/Build/Intermediates.noindex/Runner.build/Debug-iphonesimulator/Runner.build/Runner.app-Simulated.xcent.der
    export LD_EXPORT_SYMBOLS\=YES
    export LD_GENERATE_MAP_FILE\=NO
    export LD_MAP_FILE_PATH\=/Users/admin/Library/Developer/Xcode/DerivedData/Runner-bigtktwrsvasdzabxduhtmxdgqvz/Build/Intermediates.noindex/Runner.build/Debug-iphonesimulator/Runner.build/Runner-LinkMap-normal-undefined_arch.txt
    export LD_NO_PIE\=NO
    export LD_QUOTE_LINKER_ARGUMENTS_FOR_COMPILER_DRIVER\=YES
    export LD_RUNPATH_SEARCH_PATHS\=\ @executable_path/Frameworks
    export LD_RUNPATH_SEARCH_PATHS_YES\=@loader_path/../Frameworks
    export LD_SHARED_CACHE_ELIGIBLE\=Automatic
    export LD_WARN_DUPLICATE_LIBRARIES\=NO
    export LD_WARN_UNUSED_DYLIBS\=NO
    export LEGACY_DEVELOPER_DIR\=/Applications/Xcode.app/Contents/PlugIns/Xcode3Core.ideplugin/Contents/SharedSupport/Developer
    export LEX\=lex
    export LIBRARY_DEXT_INSTALL_PATH\=/Library/DriverExtensions
    export LIBRARY_FLAG_NOSPACE\=YES
    export LIBRARY_FLAG_PREFIX\=-l
    export LIBRARY_KEXT_INSTALL_PATH\=/Library/Extensions
    export LIBRARY_SEARCH_PATHS\=/Users/admin/Library/Developer/Xcode/DerivedData/Runner-bigtktwrsvasdzabxduhtmxdgqvz/Build/Products/Debug-iphonesimulator\ 
    export LINKER_DISPLAYS_MANGLED_NAMES\=NO
    export LINK_FILE_LIST_normal_arm64\=/Users/admin/Library/Developer/Xcode/DerivedData/Runner-bigtktwrsvasdzabxduhtmxdgqvz/Build/Intermediates.noindex/Runner.build/Debug-iphonesimulator/Runner.build/Objects-normal/arm64/Runner.LinkFileList
    export LINK_OBJC_RUNTIME\=YES
    export LINK_WITH_STANDARD_LIBRARIES\=YES
    export LLVM_TARGET_TRIPLE_OS_VERSION\=ios15.0
    export LLVM_TARGET_TRIPLE_SUFFIX\=-simulator
    export LLVM_TARGET_TRIPLE_VENDOR\=apple
    export LM_AUX_CONST_METADATA_LIST_PATH_normal_arm64\=/Users/admin/Library/Developer/Xcode/DerivedData/Runner-bigtktwrsvasdzabxduhtmxdgqvz/Build/Intermediates.noindex/Runner.build/Debug-iphonesimulator/Runner.build/Objects-normal/arm64/Runner.SwiftConstValuesFileList
    export LOCALIZATION_EXPORT_SUPPORTED\=YES
    export LOCALIZATION_PREFERS_STRING_CATALOGS\=NO
    export LOCALIZED_RESOURCES_FOLDER_PATH\=Runner.app/en.lproj
    export LOCALIZED_STRING_MACRO_NAMES\=NSLocalizedString\ CFCopyLocalizedString
    export LOCALIZED_STRING_SWIFTUI_SUPPORT\=YES
    export LOCAL_ADMIN_APPS_DIR\=/Applications/Utilities
    export LOCAL_APPS_DIR\=/Applications
    export LOCAL_DEVELOPER_DIR\=/Library/Developer
    export LOCAL_LIBRARY_DIR\=/Library
    export LOCROOT\=/Users/admin/StudioProjects/sbo/ios
    export LOCSYMROOT\=/Users/admin/StudioProjects/sbo/ios
    export MACH_O_TYPE\=mh_execute
    export MAC_OS_X_PRODUCT_BUILD_VERSION\=24A348
    export MAC_OS_X_VERSION_ACTUAL\=150001
    export MAC_OS_X_VERSION_MAJOR\=150000
    export MAC_OS_X_VERSION_MINOR\=150000
    export MAKE_MERGEABLE\=NO
    export MERGEABLE_LIBRARY\=NO
    export MERGED_BINARY_TYPE\=none
    export MERGE_LINKED_LIBRARIES\=NO
    export METAL_LIBRARY_FILE_BASE\=default
    export METAL_LIBRARY_OUTPUT_DIR\=/Users/admin/Library/Developer/Xcode/DerivedData/Runner-bigtktwrsvasdzabxduhtmxdgqvz/Build/Products/Debug-iphonesimulator/Runner.app
    export MODULES_FOLDER_PATH\=Runner.app/Modules
    export MODULE_CACHE_DIR\=/Users/admin/Library/Developer/Xcode/DerivedData/ModuleCache.noindex
    export MTL_ENABLE_DEBUG_INFO\=YES
    export NATIVE_ARCH\=arm64
    export NATIVE_ARCH_32_BIT\=arm
    export NATIVE_ARCH_64_BIT\=arm64
    export NATIVE_ARCH_ACTUAL\=arm64
    export NO_COMMON\=YES
    export OBJC_ABI_VERSION\=2
    export OBJECT_FILE_DIR\=/Users/admin/Library/Developer/Xcode/DerivedData/Runner-bigtktwrsvasdzabxduhtmxdgqvz/Build/Intermediates.noindex/Runner.build/Debug-iphonesimulator/Runner.build/Objects
    export OBJECT_FILE_DIR_normal\=/Users/admin/Library/Developer/Xcode/DerivedData/Runner-bigtktwrsvasdzabxduhtmxdgqvz/Build/Intermediates.noindex/Runner.build/Debug-iphonesimulator/Runner.build/Objects-normal
    export OBJROOT\=/Users/admin/Library/Developer/Xcode/DerivedData/Runner-bigtktwrsvasdzabxduhtmxdgqvz/Build/Intermediates.noindex
    export ONLY_ACTIVE_ARCH\=NO
    export OS\=MACOS
    export OSAC\=/usr/bin/osacompile
    export PACKAGE_CONFIG\=/Users/admin/StudioProjects/sbo/.dart_tool/package_config.json
    export PACKAGE_TYPE\=com.apple.package-type.wrapper.application
    export PASCAL_STRINGS\=YES
    export PATH\=/Applications/Xcode.app/Contents/SharedFrameworks/XCBuild.framework/Versions/A/PlugIns/XCBBuildService.bundle/Contents/PlugIns/XCBSpecifications.ideplugin/Contents/Resources:/Applications/Xcode.app/Contents/SharedFrameworks/XCBuild.framework/Versions/A/PlugIns/XCBBuildService.bundle/Contents/PlugIns/XCBSpecifications.ideplugin:/Applications/Xcode.app/Contents/Developer/Toolchains/XcodeDefault.xctoolchain/usr/bin:/Applications/Xcode.app/Contents/Developer/Toolchains/XcodeDefault.xctoolchain/usr/appleinternal/bin:/Applications/Xcode.app/Contents/Developer/Toolchains/XcodeDefault.xctoolchain/usr/local/bin:/Applications/Xcode.app/Contents/Developer/Toolchains/XcodeDefault.xctoolchain/usr/libexec:/Applications/Xcode.app/Contents/Developer/Platforms/iPhoneSimulator.platform/usr/bin:/Applications/Xcode.app/Contents/Developer/Platforms/iPhoneSimulator.platform/usr/appleinternal/bin:/Applications/Xcode.app/Contents/Developer/Platforms/iPhoneSimulator.platform/usr/local/bin:/Applications/Xcode.app/Contents/Developer/Platforms/iPhoneSimulator.platform/Developer/usr/bin:/Applications/Xcode.app/Contents/Developer/Platforms/iPhoneSimulator.platform/Developer/usr/local/bin:/Applications/Xcode.app/Contents/Developer/usr/bin:/Applications/Xcode.app/Contents/Developer/usr/local/bin:/opt/homebrew/opt/ruby/bin:/opt/homebrew/bin:/opt/homebrew/sbin:/Users/admin/development/flutter/bin:/usr/local/bin:/System/Cryptexes/App/usr/bin:/usr/bin:/bin:/usr/sbin:/sbin:/var/run/com.apple.security.cryptexd/codex.system/bootstrap/usr/local/bin:/var/run/com.apple.security.cryptexd/codex.system/bootstrap/usr/bin:/var/run/com.apple.security.cryptexd/codex.system/bootstrap/usr/appleinternal/bin:/Library/Apple/usr/bin
    export PATH_PREFIXES_EXCLUDED_FROM_HEADER_DEPENDENCIES\=/usr/include\ /usr/local/include\ /System/Library/Frameworks\ /System/Library/PrivateFrameworks\ /Applications/Xcode.app/Contents/Developer/Headers\ /Applications/Xcode.app/Contents/Developer/SDKs\ /Applications/Xcode.app/Contents/Developer/Platforms
    export PBDEVELOPMENTPLIST_PATH\=Runner.app/pbdevelopment.plist
    export PER_ARCH_OBJECT_FILE_DIR\=/Users/admin/Library/Developer/Xcode/DerivedData/Runner-bigtktwrsvasdzabxduhtmxdgqvz/Build/Intermediates.noindex/Runner.build/Debug-iphonesimulator/Runner.build/Objects-normal/undefined_arch
    export PER_VARIANT_OBJECT_FILE_DIR\=/Users/admin/Library/Developer/Xcode/DerivedData/Runner-bigtktwrsvasdzabxduhtmxdgqvz/Build/Intermediates.noindex/Runner.build/Debug-iphonesimulator/Runner.build/Objects-normal
    export PKGINFO_FILE_PATH\=/Users/admin/Library/Developer/Xcode/DerivedData/Runner-bigtktwrsvasdzabxduhtmxdgqvz/Build/Intermediates.noindex/Runner.build/Debug-iphonesimulator/Runner.build/PkgInfo
    export PKGINFO_PATH\=Runner.app/PkgInfo
    export PLATFORM_DEVELOPER_APPLICATIONS_DIR\=/Applications/Xcode.app/Contents/Developer/Platforms/iPhoneSimulator.platform/Developer/Applications
    export PLATFORM_DEVELOPER_BIN_DIR\=/Applications/Xcode.app/Contents/Developer/Platforms/iPhoneSimulator.platform/Developer/usr/bin
    export PLATFORM_DEVELOPER_LIBRARY_DIR\=/Applications/Xcode.app/Contents/Developer/Platforms/iPhoneSimulator.platform/Developer/Library
    export PLATFORM_DEVELOPER_SDK_DIR\=/Applications/Xcode.app/Contents/Developer/Platforms/iPhoneSimulator.platform/Developer/SDKs
    export PLATFORM_DEVELOPER_TOOLS_DIR\=/Applications/Xcode.app/Contents/Developer/Platforms/iPhoneSimulator.platform/Developer/Tools
    export PLATFORM_DEVELOPER_USR_DIR\=/Applications/Xcode.app/Contents/Developer/Platforms/iPhoneSimulator.platform/Developer/usr
    export PLATFORM_DIR\=/Applications/Xcode.app/Contents/Developer/Platforms/iPhoneSimulator.platform
    export PLATFORM_DISPLAY_NAME\=iOS\ Simulator
    export PLATFORM_FAMILY_NAME\=iOS
    export PLATFORM_NAME\=iphonesimulator
    export PLATFORM_PREFERRED_ARCH\=x86_64
    export PLATFORM_PRODUCT_BUILD_VERSION\=22C146
    export PLIST_FILE_OUTPUT_FORMAT\=binary
    export PLUGINS_FOLDER_PATH\=Runner.app/PlugIns
    export PRECOMPS_INCLUDE_HEADERS_FROM_BUILT_PRODUCTS_DIR\=YES
    export PRECOMP_DESTINATION_DIR\=/Users/admin/Library/Developer/Xcode/DerivedData/Runner-bigtktwrsvasdzabxduhtmxdgqvz/Build/Intermediates.noindex/Runner.build/Debug-iphonesimulator/Runner.build/PrefixHeaders
    export PRIVATE_HEADERS_FOLDER_PATH\=Runner.app/PrivateHeaders
    export PROCESSED_INFOPLIST_PATH\=/Users/admin/Library/Developer/Xcode/DerivedData/Runner-bigtktwrsvasdzabxduhtmxdgqvz/Build/Intermediates.noindex/Runner.build/Debug-iphonesimulator/Runner.build/Objects-normal/undefined_arch/Processed-Info.plist
    export PRODUCT_BUNDLE_IDENTIFIER\=com.example.sbo
    export PRODUCT_BUNDLE_PACKAGE_TYPE\=APPL
    export PRODUCT_MODULE_NAME\=Runner
    export PRODUCT_NAME\=Runner
    export PRODUCT_SETTINGS_PATH\=/Users/admin/StudioProjects/sbo/ios/Runner/Info.plist
    export PRODUCT_TYPE\=com.apple.product-type.application
    export PROFILING_CODE\=NO
    export PROJECT\=Runner
    export PROJECT_DERIVED_FILE_DIR\=/Users/admin/Library/Developer/Xcode/DerivedData/Runner-bigtktwrsvasdzabxduhtmxdgqvz/Build/Intermediates.noindex/Runner.build/DerivedSources
    export PROJECT_DIR\=/Users/admin/StudioProjects/sbo/ios
    export PROJECT_FILE_PATH\=/Users/admin/StudioProjects/sbo/ios/Runner.xcodeproj
    export PROJECT_GUID\=18c1723432283e0cc55f10a6dcfd9e02
    export PROJECT_NAME\=Runner
    export PROJECT_TEMP_DIR\=/Users/admin/Library/Developer/Xcode/DerivedData/Runner-bigtktwrsvasdzabxduhtmxdgqvz/Build/Intermediates.noindex/Runner.build
    export PROJECT_TEMP_ROOT\=/Users/admin/Library/Developer/Xcode/DerivedData/Runner-bigtktwrsvasdzabxduhtmxdgqvz/Build/Intermediates.noindex
    export PROVISIONING_PROFILE_REQUIRED\=NO
    export PROVISIONING_PROFILE_REQUIRED_YES_YES\=YES
    export PROVISIONING_PROFILE_SUPPORTED\=YES
    export PUBLIC_HEADERS_FOLDER_PATH\=Runner.app/Headers
    export RECOMMENDED_IPHONEOS_DEPLOYMENT_TARGET\=15.0
    export RECURSIVE_SEARCH_PATHS_FOLLOW_SYMLINKS\=YES
    export REMOVE_CVS_FROM_RESOURCES\=YES
    export REMOVE_GIT_FROM_RESOURCES\=YES
    export REMOVE_HEADERS_FROM_EMBEDDED_BUNDLES\=YES
    export REMOVE_HG_FROM_RESOURCES\=YES
    export REMOVE_STATIC_EXECUTABLES_FROM_EMBEDDED_BUNDLES\=YES
    export REMOVE_SVN_FROM_RESOURCES\=YES
    export RESCHEDULE_INDEPENDENT_HEADERS_PHASES\=YES
    export REZ_COLLECTOR_DIR\=/Users/admin/Library/Developer/Xcode/DerivedData/Runner-bigtktwrsvasdzabxduhtmxdgqvz/Build/Intermediates.noindex/Runner.build/Debug-iphonesimulator/Runner.build/ResourceManagerResources
    export REZ_OBJECTS_DIR\=/Users/admin/Library/Developer/Xcode/DerivedData/Runner-bigtktwrsvasdzabxduhtmxdgqvz/Build/Intermediates.noindex/Runner.build/Debug-iphonesimulator/Runner.build/ResourceManagerResources/Objects
    export REZ_SEARCH_PATHS\=/Users/admin/Library/Developer/Xcode/DerivedData/Runner-bigtktwrsvasdzabxduhtmxdgqvz/Build/Products/Debug-iphonesimulator\ 
    export SCAN_ALL_SOURCE_FILES_FOR_INCLUDES\=NO
    export SCRIPTS_FOLDER_PATH\=Runner.app/Scripts
    export SCRIPT_INPUT_FILE_COUNT\=0
    export SCRIPT_INPUT_FILE_LIST_COUNT\=0
    export SCRIPT_OUTPUT_FILE_COUNT\=0
    export SCRIPT_OUTPUT_FILE_LIST_COUNT\=0
    export SDKROOT\=/Applications/Xcode.app/Contents/Developer/Platforms/iPhoneSimulator.platform/Developer/SDKs/iPhoneSimulator18.2.sdk
    export SDK_DIR\=/Applications/Xcode.app/Contents/Developer/Platforms/iPhoneSimulator.platform/Developer/SDKs/iPhoneSimulator18.2.sdk
    export SDK_DIR_iphonesimulator\=/Applications/Xcode.app/Contents/Developer/Platforms/iPhoneSimulator.platform/Developer/SDKs/iPhoneSimulator18.2.sdk
    export SDK_DIR_iphonesimulator18_2\=/Applications/Xcode.app/Contents/Developer/Platforms/iPhoneSimulator.platform/Developer/SDKs/iPhoneSimulator18.2.sdk
    export SDK_NAME\=iphonesimulator18.2
    export SDK_NAMES\=iphonesimulator18.2
    export SDK_PRODUCT_BUILD_VERSION\=22C146
    export SDK_STAT_CACHE_DIR\=/Users/admin/Library/Developer/Xcode/DerivedData
    export SDK_STAT_CACHE_ENABLE\=YES
    export SDK_STAT_CACHE_PATH\=/Users/admin/Library/Developer/Xcode/DerivedData/SDKStatCaches.noindex/iphonesimulator18.2-22C146-07b28473f605e47e75261259d3ef3b5a.sdkstatcache
    export SDK_VERSION\=18.2
    export SDK_VERSION_ACTUAL\=180200
    export SDK_VERSION_MAJOR\=180000
    export SDK_VERSION_MINOR\=180200
    export SED\=/usr/bin/sed
    export SEPARATE_STRIP\=NO
    export SEPARATE_SYMBOL_EDIT\=NO
    export SET_DIR_MODE_OWNER_GROUP\=YES
    export SET_FILE_MODE_OWNER_GROUP\=NO
    export SHALLOW_BUNDLE\=YES
    export SHALLOW_BUNDLE_TRIPLE\=ios-simulator
    export SHALLOW_BUNDLE_ios_macabi\=NO
    export SHALLOW_BUNDLE_macos\=NO
    export SHARED_DERIVED_FILE_DIR\=/Users/admin/Library/Developer/Xcode/DerivedData/Runner-bigtktwrsvasdzabxduhtmxdgqvz/Build/Products/Debug-iphonesimulator/DerivedSources
    export SHARED_FRAMEWORKS_FOLDER_PATH\=Runner.app/SharedFrameworks
    export SHARED_PRECOMPS_DIR\=/Users/admin/Library/Developer/Xcode/DerivedData/Runner-bigtktwrsvasdzabxduhtmxdgqvz/Build/Intermediates.noindex/PrecompiledHeaders
    export SHARED_SUPPORT_FOLDER_PATH\=Runner.app/SharedSupport
    export SKIP_INSTALL\=NO
    export SOURCE_ROOT\=/Users/admin/StudioProjects/sbo/ios
    export SRCROOT\=/Users/admin/StudioProjects/sbo/ios
    export STRINGSDATA_DIR\=/Users/admin/Library/Developer/Xcode/DerivedData/Runner-bigtktwrsvasdzabxduhtmxdgqvz/Build/Intermediates.noindex/Runner.build/Debug-iphonesimulator/Runner.build/Objects-normal/undefined_arch
    export STRINGSDATA_ROOT\=/Users/admin/Library/Developer/Xcode/DerivedData/Runner-bigtktwrsvasdzabxduhtmxdgqvz/Build/Intermediates.noindex/Runner.build/Debug-iphonesimulator/Runner.build
    export STRINGS_FILE_INFOPLIST_RENAME\=YES
    export STRINGS_FILE_OUTPUT_ENCODING\=binary
    export STRIP_BITCODE_FROM_COPIED_FILES\=NO
    export STRIP_INSTALLED_PRODUCT\=NO
    export STRIP_STYLE\=all
    export STRIP_SWIFT_SYMBOLS\=YES
    export SUPPORTED_DEVICE_FAMILIES\=1,2
    export SUPPORTED_PLATFORMS\=iphoneos\ iphonesimulator
    export SUPPORTS_MACCATALYST\=NO
    export SUPPORTS_ON_DEMAND_RESOURCES\=YES
    export SUPPORTS_TEXT_BASED_API\=NO
    export SUPPRESS_WARNINGS\=NO
    export SWIFT_EMIT_LOC_STRINGS\=NO
    export SWIFT_OBJC_BRIDGING_HEADER\=Runner/Runner-Bridging-Header.h
    export SWIFT_OPTIMIZATION_LEVEL\=-Onone
    export SWIFT_PLATFORM_TARGET_PREFIX\=ios
    export SWIFT_RESPONSE_FILE_PATH_normal_arm64\=/Users/admin/Library/Developer/Xcode/DerivedData/Runner-bigtktwrsvasdzabxduhtmxdgqvz/Build/Intermediates.noindex/Runner.build/Debug-iphonesimulator/Runner.build/Objects-normal/arm64/Runner.SwiftFileList
    export SWIFT_VERSION\=5.0
    export SYMROOT\=/Users/admin/Library/Developer/Xcode/DerivedData/Runner-bigtktwrsvasdzabxduhtmxdgqvz/Build/Products
    export SYSTEM_ADMIN_APPS_DIR\=/Applications/Utilities
    export SYSTEM_APPS_DIR\=/Applications
    export SYSTEM_CORE_SERVICES_DIR\=/System/Library/CoreServices
    export SYSTEM_DEMOS_DIR\=/Applications/Extras
    export SYSTEM_DEVELOPER_APPS_DIR\=/Applications/Xcode.app/Contents/Developer/Applications
    export SYSTEM_DEVELOPER_BIN_DIR\=/Applications/Xcode.app/Contents/Developer/usr/bin
    export SYSTEM_DEVELOPER_DEMOS_DIR\=/Applications/Xcode.app/Contents/Developer/Applications/Utilities/Built\ Examples
    export SYSTEM_DEVELOPER_DIR\=/Applications/Xcode.app/Contents/Developer
    export SYSTEM_DEVELOPER_DOC_DIR\=/Applications/Xcode.app/Contents/Developer/ADC\ Reference\ Library
    export SYSTEM_DEVELOPER_GRAPHICS_TOOLS_DIR\=/Applications/Xcode.app/Contents/Developer/Applications/Graphics\ Tools
    export SYSTEM_DEVELOPER_JAVA_TOOLS_DIR\=/Applications/Xcode.app/Contents/Developer/Applications/Java\ Tools
    export SYSTEM_DEVELOPER_PERFORMANCE_TOOLS_DIR\=/Applications/Xcode.app/Contents/Developer/Applications/Performance\ Tools
    export SYSTEM_DEVELOPER_RELEASENOTES_DIR\=/Applications/Xcode.app/Contents/Developer/ADC\ Reference\ Library/releasenotes
    export SYSTEM_DEVELOPER_TOOLS\=/Applications/Xcode.app/Contents/Developer/Tools
    export SYSTEM_DEVELOPER_TOOLS_DOC_DIR\=/Applications/Xcode.app/Contents/Developer/ADC\ Reference\ Library/documentation/DeveloperTools
    export SYSTEM_DEVELOPER_TOOLS_RELEASENOTES_DIR\=/Applications/Xcode.app/Contents/Developer/ADC\ Reference\ Library/releasenotes/DeveloperTools
    export SYSTEM_DEVELOPER_USR_DIR\=/Applications/Xcode.app/Contents/Developer/usr
    export SYSTEM_DEVELOPER_UTILITIES_DIR\=/Applications/Xcode.app/Contents/Developer/Applications/Utilities
    export SYSTEM_DEXT_INSTALL_PATH\=/System/Library/DriverExtensions
    export SYSTEM_DOCUMENTATION_DIR\=/Library/Documentation
    export SYSTEM_EXTENSIONS_FOLDER_PATH\=Runner.app/SystemExtensions
    export SYSTEM_EXTENSIONS_FOLDER_PATH_SHALLOW_BUNDLE_NO\=Runner.app/Library/SystemExtensions
    export SYSTEM_EXTENSIONS_FOLDER_PATH_SHALLOW_BUNDLE_YES\=Runner.app/SystemExtensions
    export SYSTEM_KEXT_INSTALL_PATH\=/System/Library/Extensions
    export SYSTEM_LIBRARY_DIR\=/System/Library
    export TAPI_DEMANGLE\=YES
    export TAPI_ENABLE_PROJECT_HEADERS\=NO
    export TAPI_LANGUAGE\=objective-c
    export TAPI_LANGUAGE_STANDARD\=compiler-default
    export TAPI_USE_SRCROOT\=YES
    export TAPI_VERIFY_MODE\=Pedantic
    export TARGETED_DEVICE_FAMILY\=1,2
    export TARGETNAME\=Runner
    export TARGET_BUILD_DIR\=/Users/admin/Library/Developer/Xcode/DerivedData/Runner-bigtktwrsvasdzabxduhtmxdgqvz/Build/Products/Debug-iphonesimulator
    export TARGET_NAME\=Runner
    export TARGET_TEMP_DIR\=/Users/admin/Library/Developer/Xcode/DerivedData/Runner-bigtktwrsvasdzabxduhtmxdgqvz/Build/Intermediates.noindex/Runner.build/Debug-iphonesimulator/Runner.build
    export TEMP_DIR\=/Users/admin/Library/Developer/Xcode/DerivedData/Runner-bigtktwrsvasdzabxduhtmxdgqvz/Build/Intermediates.noindex/Runner.build/Debug-iphonesimulator/Runner.build
    export TEMP_FILES_DIR\=/Users/admin/Library/Developer/Xcode/DerivedData/Runner-bigtktwrsvasdzabxduhtmxdgqvz/Build/Intermediates.noindex/Runner.build/Debug-iphonesimulator/Runner.build
    export TEMP_FILE_DIR\=/Users/admin/Library/Developer/Xcode/DerivedData/Runner-bigtktwrsvasdzabxduhtmxdgqvz/Build/Intermediates.noindex/Runner.build/Debug-iphonesimulator/Runner.build
    export TEMP_ROOT\=/Users/admin/Library/Developer/Xcode/DerivedData/Runner-bigtktwrsvasdzabxduhtmxdgqvz/Build/Intermediates.noindex
    export TEST_FRAMEWORK_SEARCH_PATHS\=\ /Applications/Xcode.app/Contents/Developer/Platforms/iPhoneSimulator.platform/Developer/Library/Frameworks\ /Applications/Xcode.app/Contents/Developer/Platforms/iPhoneSimulator.platform/Developer/SDKs/iPhoneSimulator18.2.sdk/Developer/Library/Frameworks
    export TEST_LIBRARY_SEARCH_PATHS\=\ /Applications/Xcode.app/Contents/Developer/Platforms/iPhoneSimulator.platform/Developer/usr/lib
    export TOOLCHAINS\=com.apple.dt.toolchain.XcodeDefault
    export TOOLCHAIN_DIR\=/Applications/Xcode.app/Contents/Developer/Toolchains/XcodeDefault.xctoolchain
    export TRACK_WIDGET_CREATION\=false
    export TREAT_MISSING_BASELINES_AS_TEST_FAILURES\=NO
    export TREAT_MISSING_SCRIPT_PHASE_OUTPUTS_AS_ERRORS\=NO
    export TREE_SHAKE_ICONS\=false
    export TeamIdentifierPrefix\=UPSLU37M5M.
    export UID\=501
    export UNINSTALLED_PRODUCTS_DIR\=/Users/admin/Library/Developer/Xcode/DerivedData/Runner-bigtktwrsvasdzabxduhtmxdgqvz/Build/Intermediates.noindex/UninstalledProducts
    export UNLOCALIZED_RESOURCES_FOLDER_PATH\=Runner.app
    export UNLOCALIZED_RESOURCES_FOLDER_PATH_SHALLOW_BUNDLE_NO\=Runner.app/Resources
    export UNLOCALIZED_RESOURCES_FOLDER_PATH_SHALLOW_BUNDLE_YES\=Runner.app
    export UNSTRIPPED_PRODUCT\=NO
    export USER\=admin
    export USER_APPS_DIR\=/Users/admin/Applications
    export USER_LIBRARY_DIR\=/Users/admin/Library
    export USE_DYNAMIC_NO_PIC\=YES
    export USE_HEADERMAP\=YES
    export USE_HEADER_SYMLINKS\=NO
    export VALIDATE_DEVELOPMENT_ASSET_PATHS\=YES_ERROR
    export VALIDATE_PRODUCT\=NO
    export VALID_ARCHS\=arm64\ arm64e\ i386\ x86_64
    export VERBOSE_PBXCP\=NO
    export VERSIONING_SYSTEM\=apple-generic
    export VERSIONPLIST_PATH\=Runner.app/version.plist
    export VERSION_INFO_BUILDER\=admin
    export VERSION_INFO_FILE\=Runner_vers.c
    export VERSION_INFO_STRING\=\"@\(\#\)PROGRAM:Runner\ \ PROJECT:Runner-1\"
    export WORKSPACE_DIR\=/Users/admin/StudioProjects/sbo/ios/Runner.xcodeproj
    export WRAPPER_EXTENSION\=app
    export WRAPPER_NAME\=Runner.app
    export WRAPPER_SUFFIX\=.app
    export WRAP_ASSET_PACKS_IN_SEPARATE_DIRECTORIES\=NO
    export XCODE_APP_SUPPORT_DIR\=/Applications/Xcode.app/Contents/Developer/Library/Xcode
    export XCODE_PRODUCT_BUILD_VERSION\=16C5032a
    export XCODE_VERSION_ACTUAL\=1620
    export XCODE_VERSION_MAJOR\=1600
    export XCODE_VERSION_MINOR\=1620
    export XPCSERVICES_FOLDER_PATH\=Runner.app/XPCServices
    export YACC\=yacc
    export _WRAPPER_CONTENTS_DIR_SHALLOW_BUNDLE_NO\=/Contents
    export _WRAPPER_PARENT_PATH_SHALLOW_BUNDLE_NO\=/..
    export _WRAPPER_RESOURCES_DIR_SHALLOW_BUNDLE_NO\=/Resources
    export __IS_NOT_MACOS\=YES
    export __IS_NOT_MACOS_macosx\=NO
    export __IS_NOT_SIMULATOR\=NO
    export __IS_NOT_SIMULATOR_simulator\=NO
    export arch\=undefined_arch
    export variant\=normal
    /bin/sh -c /Users/admin/Library/Developer/Xcode/DerivedData/Runner-bigtktwrsvasdzabxduhtmxdgqvz/Build/Intermediates.noindex/Runner.build/Debug-iphonesimulator/Runner.build/Script-9740EEB61CF901F6004384FC.sh
Project /Users/admin/StudioProjects/sbo built and packaged successfully.
SwiftDriver Runner normal arm64 com.apple.xcode.tools.swift.compiler (in target 'Runner' from project 'Runner')
    cd /Users/admin/StudioProjects/sbo/ios
    builtin-SwiftDriver -- /Applications/Xcode.app/Contents/Developer/Toolchains/XcodeDefault.xctoolchain/usr/bin/swiftc -module-name Runner -Onone -enforce-exclusivity\=checked @/Users/admin/Library/Developer/Xcode/DerivedData/Runner-bigtktwrsvasdzabxduhtmxdgqvz/Build/Intermediates.noindex/Runner.build/Debug-iphonesimulator/Runner.build/Objects-normal/arm64/Runner.SwiftFileList -enable-bare-slash-regex -enable-experimental-feature DebugDescriptionMacro -sdk /Applications/Xcode.app/Contents/Developer/Platforms/iPhoneSimulator.platform/Developer/SDKs/iPhoneSimulator18.2.sdk -target arm64-apple-ios15.0-simulator -g -module-cache-path /Users/admin/Library/Developer/Xcode/DerivedData/ModuleCache.noindex -Xfrontend -serialize-debugging-options -enable-testing -enable-experimental-feature OpaqueTypeErasure -Xcc -D_LIBCPP_HARDENING_MODE\=_LIBCPP_HARDENING_MODE_DEBUG -swift-version 5 -I /Users/admin/Library/Developer/Xcode/DerivedData/Runner-bigtktwrsvasdzabxduhtmxdgqvz/Build/Products/Debug-iphonesimulator -F /Users/admin/Library/Developer/Xcode/DerivedData/Runner-bigtktwrsvasdzabxduhtmxdgqvz/Build/Products/Debug-iphonesimulator -c -j10 -enable-batch-mode -incremental -Xcc -ivfsstatcache -Xcc /Users/admin/Library/Developer/Xcode/DerivedData/SDKStatCaches.noindex/iphonesimulator18.2-22C146-07b28473f605e47e75261259d3ef3b5a.sdkstatcache -output-file-map /Users/admin/Library/Developer/Xcode/DerivedData/Runner-bigtktwrsvasdzabxduhtmxdgqvz/Build/Intermediates.noindex/Runner.build/Debug-iphonesimulator/Runner.build/Objects-normal/arm64/Runner-OutputFileMap.json -use-frontend-parseable-output -save-temps -no-color-diagnostics -serialize-diagnostics -emit-dependencies -emit-module -emit-module-path /Users/admin/Library/Developer/Xcode/DerivedData/Runner-bigtktwrsvasdzabxduhtmxdgqvz/Build/Intermediates.noindex/Runner.build/Debug-iphonesimulator/Runner.build/Objects-normal/arm64/Runner.swiftmodule -validate-clang-modules-once -clang-build-session-file /Users/admin/Library/Developer/Xcode/DerivedData/ModuleCache.noindex/Session.modulevalidation -Xcc -I/Users/admin/Library/Developer/Xcode/DerivedData/Runner-bigtktwrsvasdzabxduhtmxdgqvz/Build/Intermediates.noindex/Runner.build/Debug-iphonesimulator/Runner.build/swift-overrides.hmap -emit-const-values -Xfrontend -const-gather-protocols-file -Xfrontend /Users/admin/Library/Developer/Xcode/DerivedData/Runner-bigtktwrsvasdzabxduhtmxdgqvz/Build/Intermediates.noindex/Runner.build/Debug-iphonesimulator/Runner.build/Objects-normal/arm64/Runner_const_extract_protocols.json -Xcc -iquote -Xcc /Users/admin/Library/Developer/Xcode/DerivedData/Runner-bigtktwrsvasdzabxduhtmxdgqvz/Build/Intermediates.noindex/Runner.build/Debug-iphonesimulator/Runner.build/Runner-generated-files.hmap -Xcc -I/Users/admin/Library/Developer/Xcode/DerivedData/Runner-bigtktwrsvasdzabxduhtmxdgqvz/Build/Intermediates.noindex/Runner.build/Debug-iphonesimulator/Runner.build/Runner-own-target-headers.hmap -Xcc -I/Users/admin/Library/Developer/Xcode/DerivedData/Runner-bigtktwrsvasdzabxduhtmxdgqvz/Build/Intermediates.noindex/Runner.build/Debug-iphonesimulator/Runner.build/Runner-all-target-headers.hmap -Xcc -iquote -Xcc /Users/admin/Library/Developer/Xcode/DerivedData/Runner-bigtktwrsvasdzabxduhtmxdgqvz/Build/Intermediates.noindex/Runner.build/Debug-iphonesimulator/Runner.build/Runner-project-headers.hmap -Xcc -I/Users/admin/Library/Developer/Xcode/DerivedData/Runner-bigtktwrsvasdzabxduhtmxdgqvz/Build/Products/Debug-iphonesimulator/include -Xcc -I/Users/admin/Library/Developer/Xcode/DerivedData/Runner-bigtktwrsvasdzabxduhtmxdgqvz/Build/Intermediates.noindex/Runner.build/Debug-iphonesimulator/Runner.build/DerivedSources-normal/arm64 -Xcc -I/Users/admin/Library/Developer/Xcode/DerivedData/Runner-bigtktwrsvasdzabxduhtmxdgqvz/Build/Intermediates.noindex/Runner.build/Debug-iphonesimulator/Runner.build/DerivedSources/arm64 -Xcc -I/Users/admin/Library/Developer/Xcode/DerivedData/Runner-bigtktwrsvasdzabxduhtmxdgqvz/Build/Intermediates.noindex/Runner.build/Debug-iphonesimulator/Runner.build/DerivedSources -Xcc -DDEBUG\=1 -emit-objc-header -emit-objc-header-path /Users/admin/Library/Developer/Xcode/DerivedData/Runner-bigtktwrsvasdzabxduhtmxdgqvz/Build/Intermediates.noindex/Runner.build/Debug-iphonesimulator/Runner.build/Objects-normal/arm64/Runner-Swift.h -import-objc-header /Users/admin/StudioProjects/sbo/ios/Runner/Runner-Bridging-Header.h -pch-output-dir /Users/admin/Library/Developer/Xcode/DerivedData/Runner-bigtktwrsvasdzabxduhtmxdgqvz/Build/Intermediates.noindex/PrecompiledHeaders -working-directory /Users/admin/StudioProjects/sbo/ios -experimental-emit-module-separately -disable-cmo

ProcessInfoPlistFile /Users/admin/Library/Developer/Xcode/DerivedData/Runner-bigtktwrsvasdzabxduhtmxdgqvz/Build/Products/Debug-iphonesimulator/Runner.app/Info.plist /Users/admin/StudioProjects/sbo/ios/Runner/Info.plist (in target 'Runner' from project 'Runner')
    cd /Users/admin/StudioProjects/sbo/ios
    builtin-infoPlistUtility /Users/admin/StudioProjects/sbo/ios/Runner/Info.plist -producttype com.apple.product-type.application -genpkginfo /Users/admin/Library/Developer/Xcode/DerivedData/Runner-bigtktwrsvasdzabxduhtmxdgqvz/Build/Products/Debug-iphonesimulator/Runner.app/PkgInfo -expandbuildsettings -format binary -platform iphonesimulator -additionalcontentfile /Users/admin/Library/Developer/Xcode/DerivedData/Runner-bigtktwrsvasdzabxduhtmxdgqvz/Build/Intermediates.noindex/Runner.build/Debug-iphonesimulator/Runner.build/Base.lproj/LaunchScreen-SBPartialInfo.plist -additionalcontentfile /Users/admin/Library/Developer/Xcode/DerivedData/Runner-bigtktwrsvasdzabxduhtmxdgqvz/Build/Intermediates.noindex/Runner.build/Debug-iphonesimulator/Runner.build/Base.lproj/Main-SBPartialInfo.plist -additionalcontentfile /Users/admin/Library/Developer/Xcode/DerivedData/Runner-bigtktwrsvasdzabxduhtmxdgqvz/Build/Intermediates.noindex/Runner.build/Debug-iphonesimulator/Runner.build/assetcatalog_generated_info.plist -o /Users/admin/Library/Developer/Xcode/DerivedData/Runner-bigtktwrsvasdzabxduhtmxdgqvz/Build/Products/Debug-iphonesimulator/Runner.app/Info.plist

SwiftGeneratePch normal arm64 Compiling\ bridging\ header (in target 'Runner' from project 'Runner')
    cd /Users/admin/StudioProjects/sbo/ios
    builtin-swiftTaskExecution -- /Applications/Xcode.app/Contents/Developer/Toolchains/XcodeDefault.xctoolchain/usr/bin/swift-frontend -frontend -target arm64-apple-ios15.0-simulator -Xllvm -aarch64-use-tbi -enable-objc-interop -sdk /Applications/Xcode.app/Contents/Developer/Platforms/iPhoneSimulator.platform/Developer/SDKs/iPhoneSimulator18.2.sdk -I /Users/admin/Library/Developer/Xcode/DerivedData/Runner-bigtktwrsvasdzabxduhtmxdgqvz/Build/Products/Debug-iphonesimulator -F /Users/admin/Library/Developer/Xcode/DerivedData/Runner-bigtktwrsvasdzabxduhtmxdgqvz/Build/Products/Debug-iphonesimulator -no-color-diagnostics -enable-testing -g -debug-info-format\=dwarf -dwarf-version\=4 -module-cache-path /Users/admin/Library/Developer/Xcode/DerivedData/ModuleCache.noindex -swift-version 5 -enforce-exclusivity\=checked -Onone -serialize-debugging-options -const-gather-protocols-file /Users/admin/Library/Developer/Xcode/DerivedData/Runner-bigtktwrsvasdzabxduhtmxdgqvz/Build/Intermediates.noindex/Runner.build/Debug-iphonesimulator/Runner.build/Objects-normal/arm64/Runner_const_extract_protocols.json -enable-experimental-feature DebugDescriptionMacro -enable-experimental-feature OpaqueTypeErasure -enable-bare-slash-regex -empty-abi-descriptor -validate-clang-modules-once -clang-build-session-file /Users/admin/Library/Developer/Xcode/DerivedData/ModuleCache.noindex/Session.modulevalidation -Xcc -working-directory -Xcc /Users/admin/StudioProjects/sbo/ios -resource-dir /Applications/Xcode.app/Contents/Developer/Toolchains/XcodeDefault.xctoolchain/usr/lib/swift -enable-anonymous-context-mangled-names -file-compilation-dir /Users/admin/StudioProjects/sbo/ios -Xcc -D_LIBCPP_HARDENING_MODE\=_LIBCPP_HARDENING_MODE_DEBUG -Xcc -ivfsstatcache -Xcc /Users/admin/Library/Developer/Xcode/DerivedData/SDKStatCaches.noindex/iphonesimulator18.2-22C146-07b28473f605e47e75261259d3ef3b5a.sdkstatcache -Xcc -I/Users/admin/Library/Developer/Xcode/DerivedData/Runner-bigtktwrsvasdzabxduhtmxdgqvz/Build/Intermediates.noindex/Runner.build/Debug-iphonesimulator/Runner.build/swift-overrides.hmap -Xcc -iquote -Xcc /Users/admin/Library/Developer/Xcode/DerivedData/Runner-bigtktwrsvasdzabxduhtmxdgqvz/Build/Intermediates.noindex/Runner.build/Debug-iphonesimulator/Runner.build/Runner-generated-files.hmap -Xcc -I/Users/admin/Library/Developer/Xcode/DerivedData/Runner-bigtktwrsvasdzabxduhtmxdgqvz/Build/Intermediates.noindex/Runner.build/Debug-iphonesimulator/Runner.build/Runner-own-target-headers.hmap -Xcc -I/Users/admin/Library/Developer/Xcode/DerivedData/Runner-bigtktwrsvasdzabxduhtmxdgqvz/Build/Intermediates.noindex/Runner.build/Debug-iphonesimulator/Runner.build/Runner-all-target-headers.hmap -Xcc -iquote -Xcc /Users/admin/Library/Developer/Xcode/DerivedData/Runner-bigtktwrsvasdzabxduhtmxdgqvz/Build/Intermediates.noindex/Runner.build/Debug-iphonesimulator/Runner.build/Runner-project-headers.hmap -Xcc -I/Users/admin/Library/Developer/Xcode/DerivedData/Runner-bigtktwrsvasdzabxduhtmxdgqvz/Build/Products/Debug-iphonesimulator/include -Xcc -I/Users/admin/Library/Developer/Xcode/DerivedData/Runner-bigtktwrsvasdzabxduhtmxdgqvz/Build/Intermediates.noindex/Runner.build/Debug-iphonesimulator/Runner.build/DerivedSources-normal/arm64 -Xcc -I/Users/admin/Library/Developer/Xcode/DerivedData/Runner-bigtktwrsvasdzabxduhtmxdgqvz/Build/Intermediates.noindex/Runner.build/Debug-iphonesimulator/Runner.build/DerivedSources/arm64 -Xcc -I/Users/admin/Library/Developer/Xcode/DerivedData/Runner-bigtktwrsvasdzabxduhtmxdgqvz/Build/Intermediates.noindex/Runner.build/Debug-iphonesimulator/Runner.build/DerivedSources -Xcc -DDEBUG\=1 -import-objc-header /Users/admin/StudioProjects/sbo/ios/Runner/Runner-Bridging-Header.h -module-name Runner -frontend-parseable-output -disable-clang-spi -target-sdk-version 18.2 -target-sdk-name iphonesimulator18.2 -external-plugin-path /Applications/Xcode.app/Contents/Developer/Platforms/iPhoneOS.platform/Developer/usr/lib/swift/host/plugins\#/Applications/Xcode.app/Contents/Developer/Platforms/iPhoneOS.platform/Developer/usr/bin/swift-plugin-server -external-plugin-path /Applications/Xcode.app/Contents/Developer/Platforms/iPhoneOS.platform/Developer/usr/local/lib/swift/host/plugins\#/Applications/Xcode.app/Contents/Developer/Platforms/iPhoneOS.platform/Developer/usr/bin/swift-plugin-server -plugin-path /Applications/Xcode.app/Contents/Developer/Toolchains/XcodeDefault.xctoolchain/usr/lib/swift/host/plugins -plugin-path /Applications/Xcode.app/Contents/Developer/Toolchains/XcodeDefault.xctoolchain/usr/local/lib/swift/host/plugins -emit-pch -serialize-diagnostics-path /Users/admin/Library/Developer/Xcode/DerivedData/Runner-bigtktwrsvasdzabxduhtmxdgqvz/Build/Intermediates.noindex/PrecompiledHeaders/Runner-Bridging-Header-1mrakpb06c53u.dia -pch-output-dir /Users/admin/Library/Developer/Xcode/DerivedData/Runner-bigtktwrsvasdzabxduhtmxdgqvz/Build/Intermediates.noindex/PrecompiledHeaders /Users/admin/StudioProjects/sbo/ios/Runner/Runner-Bridging-Header.h

PrecompileSwiftBridgingHeader normal arm64 (in target 'Runner' from project 'Runner')
    cd /Users/admin/StudioProjects/sbo/ios
    /Applications/Xcode.app/Contents/Developer/Toolchains/XcodeDefault.xctoolchain/usr/bin/swift-frontend -target arm64-apple-ios15.0-simulator -Xllvm -aarch64-use-tbi -enable-objc-interop -sdk /Applications/Xcode.app/Contents/Developer/Platforms/iPhoneSimulator.platform/Developer/SDKs/iPhoneSimulator18.2.sdk -I /Users/admin/Library/Developer/Xcode/DerivedData/Runner-bigtktwrsvasdzabxduhtmxdgqvz/Build/Products/Debug-iphonesimulator -F /Users/admin/Library/Developer/Xcode/DerivedData/Runner-bigtktwrsvasdzabxduhtmxdgqvz/Build/Products/Debug-iphonesimulator -no-color-diagnostics -enable-testing -g -debug-info-format\=dwarf -dwarf-version\=4 -module-cache-path /Users/admin/Library/Developer/Xcode/DerivedData/ModuleCache.noindex -swift-version 5 -enforce-exclusivity\=checked -Onone -serialize-debugging-options -const-gather-protocols-file /Users/admin/Library/Developer/Xcode/DerivedData/Runner-bigtktwrsvasdzabxduhtmxdgqvz/Build/Intermediates.noindex/Runner.build/Debug-iphonesimulator/Runner.build/Objects-normal/arm64/Runner_const_extract_protocols.json -enable-experimental-feature DebugDescriptionMacro -enable-experimental-feature OpaqueTypeErasure -enable-bare-slash-regex -empty-abi-descriptor -validate-clang-modules-once -clang-build-session-file /Users/admin/Library/Developer/Xcode/DerivedData/ModuleCache.noindex/Session.modulevalidation -Xcc -working-directory -Xcc /Users/admin/StudioProjects/sbo/ios -resource-dir /Applications/Xcode.app/Contents/Developer/Toolchains/XcodeDefault.xctoolchain/usr/lib/swift -enable-anonymous-context-mangled-names -file-compilation-dir /Users/admin/StudioProjects/sbo/ios -Xcc -D_LIBCPP_HARDENING_MODE\=_LIBCPP_HARDENING_MODE_DEBUG -Xcc -ivfsstatcache -Xcc /Users/admin/Library/Developer/Xcode/DerivedData/SDKStatCaches.noindex/iphonesimulator18.2-22C146-07b28473f605e47e75261259d3ef3b5a.sdkstatcache -Xcc -I/Users/admin/Library/Developer/Xcode/DerivedData/Runner-bigtktwrsvasdzabxduhtmxdgqvz/Build/Intermediates.noindex/Runner.build/Debug-iphonesimulator/Runner.build/swift-overrides.hmap -Xcc -iquote -Xcc /Users/admin/Library/Developer/Xcode/DerivedData/Runner-bigtktwrsvasdzabxduhtmxdgqvz/Build/Intermediates.noindex/Runner.build/Debug-iphonesimulator/Runner.build/Runner-generated-files.hmap -Xcc -I/Users/admin/Library/Developer/Xcode/DerivedData/Runner-bigtktwrsvasdzabxduhtmxdgqvz/Build/Intermediates.noindex/Runner.build/Debug-iphonesimulator/Runner.build/Runner-own-target-headers.hmap -Xcc -I/Users/admin/Library/Developer/Xcode/DerivedData/Runner-bigtktwrsvasdzabxduhtmxdgqvz/Build/Intermediates.noindex/Runner.build/Debug-iphonesimulator/Runner.build/Runner-all-target-headers.hmap -Xcc -iquote -Xcc /Users/admin/Library/Developer/Xcode/DerivedData/Runner-bigtktwrsvasdzabxduhtmxdgqvz/Build/Intermediates.noindex/Runner.build/Debug-iphonesimulator/Runner.build/Runner-project-headers.hmap -Xcc -I/Users/admin/Library/Developer/Xcode/DerivedData/Runner-bigtktwrsvasdzabxduhtmxdgqvz/Build/Products/Debug-iphonesimulator/include -Xcc -I/Users/admin/Library/Developer/Xcode/DerivedData/Runner-bigtktwrsvasdzabxduhtmxdgqvz/Build/Intermediates.noindex/Runner.build/Debug-iphonesimulator/Runner.build/DerivedSources-normal/arm64 -Xcc -I/Users/admin/Library/Developer/Xcode/DerivedData/Runner-bigtktwrsvasdzabxduhtmxdgqvz/Build/Intermediates.noindex/Runner.build/Debug-iphonesimulator/Runner.build/DerivedSources/arm64 -Xcc -I/Users/admin/Library/Developer/Xcode/DerivedData/Runner-bigtktwrsvasdzabxduhtmxdgqvz/Build/Intermediates.noindex/Runner.build/Debug-iphonesimulator/Runner.build/DerivedSources -Xcc -DDEBUG\=1 -import-objc-header /Users/admin/StudioProjects/sbo/ios/Runner/Runner-Bridging-Header.h -module-name Runner -frontend-parseable-output -disable-clang-spi -target-sdk-version 18.2 -target-sdk-name iphonesimulator18.2 -external-plugin-path /Applications/Xcode.app/Contents/Developer/Platforms/iPhoneOS.platform/Developer/usr/lib/swift/host/plugins\#/Applications/Xcode.app/Contents/Developer/Platforms/iPhoneOS.platform/Developer/usr/bin/swift-plugin-server -external-plugin-path /Applications/Xcode.app/Contents/Developer/Platforms/iPhoneOS.platform/Developer/usr/local/lib/swift/host/plugins\#/Applications/Xcode.app/Contents/Developer/Platforms/iPhoneOS.platform/Developer/usr/bin/swift-plugin-server -plugin-path /Applications/Xcode.app/Contents/Developer/Toolchains/XcodeDefault.xctoolchain/usr/lib/swift/host/plugins -plugin-path /Applications/Xcode.app/Contents/Developer/Toolchains/XcodeDefault.xctoolchain/usr/local/lib/swift/host/plugins -emit-pch -serialize-diagnostics-path /Users/admin/Library/Developer/Xcode/DerivedData/Runner-bigtktwrsvasdzabxduhtmxdgqvz/Build/Intermediates.noindex/PrecompiledHeaders/Runner-Bridging-Header-1mrakpb06c53u.dia -pch-output-dir /Users/admin/Library/Developer/Xcode/DerivedData/Runner-bigtktwrsvasdzabxduhtmxdgqvz/Build/Intermediates.noindex/PrecompiledHeaders /Users/admin/StudioProjects/sbo/ios/Runner/Runner-Bridging-Header.h
<unknown>:0: error: no such file or directory: '/Users/admin/Library/Developer/Xcode/DerivedData/ModuleCache.noindex/Session.modulevalidation'
<unknown>:0: error: stat cache file '/Users/admin/Library/Developer/Xcode/DerivedData/SDKStatCaches.noindex/iphonesimulator18.2-22C146-07b28473f605e47e75261259d3ef3b5a.sdkstatcache' not found
<unknown>:0: error: stat cache file '/Users/admin/Library/Developer/Xcode/DerivedData/SDKStatCaches.noindex/iphonesimulator18.2-22C146-07b28473f605e47e75261259d3ef3b5a.sdkstatcache' not found
Command PrecompileSwiftBridgingHeader emitted errors but did not return a nonzero exit code to indicate failure

1 error generated.
Command SwiftGeneratePch emitted errors but did not return a nonzero exit code to indicate failure
SwiftDriverJobDiscovery normal arm64 Compiling bridging header (in target 'Runner' from project 'Runner')

SwiftCompile normal arm64 Compiling\ SceneDelegate.swift /Users/admin/StudioProjects/sbo/ios/Runner/SceneDelegate.swift (in target 'Runner' from project 'Runner')
    cd /Users/admin/StudioProjects/sbo/ios
    builtin-swiftTaskExecution -- /Applications/Xcode.app/Contents/Developer/Toolchains/XcodeDefault.xctoolchain/usr/bin/swift-frontend -frontend -c /Users/admin/StudioProjects/sbo/ios/Runner/AppDelegate.swift -primary-file /Users/admin/StudioProjects/sbo/ios/Runner/SceneDelegate.swift /Users/admin/Library/Developer/Xcode/DerivedData/Runner-bigtktwrsvasdzabxduhtmxdgqvz/Build/Intermediates.noindex/Runner.build/Debug-iphonesimulator/Runner.build/DerivedSources/GeneratedAssetSymbols.swift -emit-dependencies-path /Users/admin/Library/Developer/Xcode/DerivedData/Runner-bigtktwrsvasdzabxduhtmxdgqvz/Build/Intermediates.noindex/Runner.build/Debug-iphonesimulator/Runner.build/Objects-normal/arm64/SceneDelegate.d -emit-const-values-path /Users/admin/Library/Developer/Xcode/DerivedData/Runner-bigtktwrsvasdzabxduhtmxdgqvz/Build/Intermediates.noindex/Runner.build/Debug-iphonesimulator/Runner.build/Objects-normal/arm64/SceneDelegate.swiftconstvalues -emit-reference-dependencies-path /Users/admin/Library/Developer/Xcode/DerivedData/Runner-bigtktwrsvasdzabxduhtmxdgqvz/Build/Intermediates.noindex/Runner.build/Debug-iphonesimulator/Runner.build/Objects-normal/arm64/SceneDelegate.swiftdeps -serialize-diagnostics-path /Users/admin/Library/Developer/Xcode/DerivedData/Runner-bigtktwrsvasdzabxduhtmxdgqvz/Build/Intermediates.noindex/Runner.build/Debug-iphonesimulator/Runner.build/Objects-normal/arm64/SceneDelegate.dia -target arm64-apple-ios15.0-simulator -Xllvm -aarch64-use-tbi -enable-objc-interop -sdk /Applications/Xcode.app/Contents/Developer/Platforms/iPhoneSimulator.platform/Developer/SDKs/iPhoneSimulator18.2.sdk -I /Users/admin/Library/Developer/Xcode/DerivedData/Runner-bigtktwrsvasdzabxduhtmxdgqvz/Build/Products/Debug-iphonesimulator -F /Users/admin/Library/Developer/Xcode/DerivedData/Runner-bigtktwrsvasdzabxduhtmxdgqvz/Build/Products/Debug-iphonesimulator -no-color-diagnostics -enable-testing -g -debug-info-format\=dwarf -dwarf-version\=4 -module-cache-path /Users/admin/Library/Developer/Xcode/DerivedData/ModuleCache.noindex -swift-version 5 -enforce-exclusivity\=checked -Onone -serialize-debugging-options -const-gather-protocols-file /Users/admin/Library/Developer/Xcode/DerivedData/Runner-bigtktwrsvasdzabxduhtmxdgqvz/Build/Intermediates.noindex/Runner.build/Debug-iphonesimulator/Runner.build/Objects-normal/arm64/Runner_const_extract_protocols.json -enable-experimental-feature DebugDescriptionMacro -enable-experimental-feature OpaqueTypeErasure -enable-bare-slash-regex -empty-abi-descriptor -validate-clang-modules-once -clang-build-session-file /Users/admin/Library/Developer/Xcode/DerivedData/ModuleCache.noindex/Session.modulevalidation -Xcc -working-directory -Xcc /Users/admin/StudioProjects/sbo/ios -resource-dir /Applications/Xcode.app/Contents/Developer/Toolchains/XcodeDefault.xctoolchain/usr/lib/swift -enable-anonymous-context-mangled-names -file-compilation-dir /Users/admin/StudioProjects/sbo/ios -Xcc -D_LIBCPP_HARDENING_MODE\=_LIBCPP_HARDENING_MODE_DEBUG -Xcc -ivfsstatcache -Xcc /Users/admin/Library/Developer/Xcode/DerivedData/SDKStatCaches.noindex/iphonesimulator18.2-22C146-07b28473f605e47e75261259d3ef3b5a.sdkstatcache -Xcc -I/Users/admin/Library/Developer/Xcode/DerivedData/Runner-bigtktwrsvasdzabxduhtmxdgqvz/Build/Intermediates.noindex/Runner.build/Debug-iphonesimulator/Runner.build/swift-overrides.hmap -Xcc -iquote -Xcc /Users/admin/Library/Developer/Xcode/DerivedData/Runner-bigtktwrsvasdzabxduhtmxdgqvz/Build/Intermediates.noindex/Runner.build/Debug-iphonesimulator/Runner.build/Runner-generated-files.hmap -Xcc -I/Users/admin/Library/Developer/Xcode/DerivedData/Runner-bigtktwrsvasdzabxduhtmxdgqvz/Build/Intermediates.noindex/Runner.build/Debug-iphonesimulator/Runner.build/Runner-own-target-headers.hmap -Xcc -I/Users/admin/Library/Developer/Xcode/DerivedData/Runner-bigtktwrsvasdzabxduhtmxdgqvz/Build/Intermediates.noindex/Runner.build/Debug-iphonesimulator/Runner.build/Runner-all-target-headers.hmap -Xcc -iquote -Xcc /Users/admin/Library/Developer/Xcode/DerivedData/Runner-bigtktwrsvasdzabxduhtmxdgqvz/Build/Intermediates.noindex/Runner.build/Debug-iphonesimulator/Runner.build/Runner-project-headers.hmap -Xcc -I/Users/admin/Library/Developer/Xcode/DerivedData/Runner-bigtktwrsvasdzabxduhtmxdgqvz/Build/Products/Debug-iphonesimulator/include -Xcc -I/Users/admin/Library/Developer/Xcode/DerivedData/Runner-bigtktwrsvasdzabxduhtmxdgqvz/Build/Intermediates.noindex/Runner.build/Debug-iphonesimulator/Runner.build/DerivedSources-normal/arm64 -Xcc -I/Users/admin/Library/Developer/Xcode/DerivedData/Runner-bigtktwrsvasdzabxduhtmxdgqvz/Build/Intermediates.noindex/Runner.build/Debug-iphonesimulator/Runner.build/DerivedSources/arm64 -Xcc -I/Users/admin/Library/Developer/Xcode/DerivedData/Runner-bigtktwrsvasdzabxduhtmxdgqvz/Build/Intermediates.noindex/Runner.build/Debug-iphonesimulator/Runner.build/DerivedSources -Xcc -DDEBUG\=1 -import-objc-header /Users/admin/StudioProjects/sbo/ios/Runner/Runner-Bridging-Header.h -pch-output-dir /Users/admin/Library/Developer/Xcode/DerivedData/Runner-bigtktwrsvasdzabxduhtmxdgqvz/Build/Intermediates.noindex/PrecompiledHeaders -pch-disable-validation -module-name Runner -frontend-parseable-output -disable-clang-spi -target-sdk-version 18.2 -target-sdk-name iphonesimulator18.2 -external-plugin-path /Applications/Xcode.app/Contents/Developer/Platforms/iPhoneOS.platform/Developer/usr/lib/swift/host/plugins\#/Applications/Xcode.app/Contents/Developer/Platforms/iPhoneOS.platform/Developer/usr/bin/swift-plugin-server -external-plugin-path /Applications/Xcode.app/Contents/Developer/Platforms/iPhoneOS.platform/Developer/usr/local/lib/swift/host/plugins\#/Applications/Xcode.app/Contents/Developer/Platforms/iPhoneOS.platform/Developer/usr/bin/swift-plugin-server -plugin-path /Applications/Xcode.app/Contents/Developer/Toolchains/XcodeDefault.xctoolchain/usr/lib/swift/host/plugins -plugin-path /Applications/Xcode.app/Contents/Developer/Toolchains/XcodeDefault.xctoolchain/usr/local/lib/swift/host/plugins -o /Users/admin/Library/Developer/Xcode/DerivedData/Runner-bigtktwrsvasdzabxduhtmxdgqvz/Build/Intermediates.noindex/Runner.build/Debug-iphonesimulator/Runner.build/Objects-normal/arm64/SceneDelegate.o -index-unit-output-path /Runner.build/Debug-iphonesimulator/Runner.build/Objects-normal/arm64/SceneDelegate.o

SwiftCompile normal arm64 /Users/admin/StudioProjects/sbo/ios/Runner/SceneDelegate.swift (in target 'Runner' from project 'Runner')
    cd /Users/admin/StudioProjects/sbo/ios
    /Applications/Xcode.app/Contents/Developer/Toolchains/XcodeDefault.xctoolchain/usr/bin/swift-frontend -c /Users/admin/StudioProjects/sbo/ios/Runner/AppDelegate.swift -primary-file /Users/admin/StudioProjects/sbo/ios/Runner/SceneDelegate.swift /Users/admin/Library/Developer/Xcode/DerivedData/Runner-bigtktwrsvasdzabxduhtmxdgqvz/Build/Intermediates.noindex/Runner.build/Debug-iphonesimulator/Runner.build/DerivedSources/GeneratedAssetSymbols.swift -emit-dependencies-path /Users/admin/Library/Developer/Xcode/DerivedData/Runner-bigtktwrsvasdzabxduhtmxdgqvz/Build/Intermediates.noindex/Runner.build/Debug-iphonesimulator/Runner.build/Objects-normal/arm64/SceneDelegate.d -emit-const-values-path /Users/admin/Library/Developer/Xcode/DerivedData/Runner-bigtktwrsvasdzabxduhtmxdgqvz/Build/Intermediates.noindex/Runner.build/Debug-iphonesimulator/Runner.build/Objects-normal/arm64/SceneDelegate.swiftconstvalues -emit-reference-dependencies-path /Users/admin/Library/Developer/Xcode/DerivedData/Runner-bigtktwrsvasdzabxduhtmxdgqvz/Build/Intermediates.noindex/Runner.build/Debug-iphonesimulator/Runner.build/Objects-normal/arm64/SceneDelegate.swiftdeps -serialize-diagnostics-path /Users/admin/Library/Developer/Xcode/DerivedData/Runner-bigtktwrsvasdzabxduhtmxdgqvz/Build/Intermediates.noindex/Runner.build/Debug-iphonesimulator/Runner.build/Objects-normal/arm64/SceneDelegate.dia -target arm64-apple-ios15.0-simulator -Xllvm -aarch64-use-tbi -enable-objc-interop -sdk /Applications/Xcode.app/Contents/Developer/Platforms/iPhoneSimulator.platform/Developer/SDKs/iPhoneSimulator18.2.sdk -I /Users/admin/Library/Developer/Xcode/DerivedData/Runner-bigtktwrsvasdzabxduhtmxdgqvz/Build/Products/Debug-iphonesimulator -F /Users/admin/Library/Developer/Xcode/DerivedData/Runner-bigtktwrsvasdzabxduhtmxdgqvz/Build/Products/Debug-iphonesimulator -no-color-diagnostics -enable-testing -g -debug-info-format\=dwarf -dwarf-version\=4 -module-cache-path /Users/admin/Library/Developer/Xcode/DerivedData/ModuleCache.noindex -swift-version 5 -enforce-exclusivity\=checked -Onone -serialize-debugging-options -const-gather-protocols-file /Users/admin/Library/Developer/Xcode/DerivedData/Runner-bigtktwrsvasdzabxduhtmxdgqvz/Build/Intermediates.noindex/Runner.build/Debug-iphonesimulator/Runner.build/Objects-normal/arm64/Runner_const_extract_protocols.json -enable-experimental-feature DebugDescriptionMacro -enable-experimental-feature OpaqueTypeErasure -enable-bare-slash-regex -empty-abi-descriptor -validate-clang-modules-once -clang-build-session-file /Users/admin/Library/Developer/Xcode/DerivedData/ModuleCache.noindex/Session.modulevalidation -Xcc -working-directory -Xcc /Users/admin/StudioProjects/sbo/ios -resource-dir /Applications/Xcode.app/Contents/Developer/Toolchains/XcodeDefault.xctoolchain/usr/lib/swift -enable-anonymous-context-mangled-names -file-compilation-dir /Users/admin/StudioProjects/sbo/ios -Xcc -D_LIBCPP_HARDENING_MODE\=_LIBCPP_HARDENING_MODE_DEBUG -Xcc -ivfsstatcache -Xcc /Users/admin/Library/Developer/Xcode/DerivedData/SDKStatCaches.noindex/iphonesimulator18.2-22C146-07b28473f605e47e75261259d3ef3b5a.sdkstatcache -Xcc -I/Users/admin/Library/Developer/Xcode/DerivedData/Runner-bigtktwrsvasdzabxduhtmxdgqvz/Build/Intermediates.noindex/Runner.build/Debug-iphonesimulator/Runner.build/swift-overrides.hmap -Xcc -iquote -Xcc /Users/admin/Library/Developer/Xcode/DerivedData/Runner-bigtktwrsvasdzabxduhtmxdgqvz/Build/Intermediates.noindex/Runner.build/Debug-iphonesimulator/Runner.build/Runner-generated-files.hmap -Xcc -I/Users/admin/Library/Developer/Xcode/DerivedData/Runner-bigtktwrsvasdzabxduhtmxdgqvz/Build/Intermediates.noindex/Runner.build/Debug-iphonesimulator/Runner.build/Runner-own-target-headers.hmap -Xcc -I/Users/admin/Library/Developer/Xcode/DerivedData/Runner-bigtktwrsvasdzabxduhtmxdgqvz/Build/Intermediates.noindex/Runner.build/Debug-iphonesimulator/Runner.build/Runner-all-target-headers.hmap -Xcc -iquote -Xcc /Users/admin/Library/Developer/Xcode/DerivedData/Runner-bigtktwrsvasdzabxduhtmxdgqvz/Build/Intermediates.noindex/Runner.build/Debug-iphonesimulator/Runner.build/Runner-project-headers.hmap -Xcc -I/Users/admin/Library/Developer/Xcode/DerivedData/Runner-bigtktwrsvasdzabxduhtmxdgqvz/Build/Products/Debug-iphonesimulator/include -Xcc -I/Users/admin/Library/Developer/Xcode/DerivedData/Runner-bigtktwrsvasdzabxduhtmxdgqvz/Build/Intermediates.noindex/Runner.build/Debug-iphonesimulator/Runner.build/DerivedSources-normal/arm64 -Xcc -I/Users/admin/Library/Developer/Xcode/DerivedData/Runner-bigtktwrsvasdzabxduhtmxdgqvz/Build/Intermediates.noindex/Runner.build/Debug-iphonesimulator/Runner.build/DerivedSources/arm64 -Xcc -I/Users/admin/Library/Developer/Xcode/DerivedData/Runner-bigtktwrsvasdzabxduhtmxdgqvz/Build/Intermediates.noindex/Runner.build/Debug-iphonesimulator/Runner.build/DerivedSources -Xcc -DDEBUG\=1 -import-objc-header /Users/admin/StudioProjects/sbo/ios/Runner/Runner-Bridging-Header.h -pch-output-dir /Users/admin/Library/Developer/Xcode/DerivedData/Runner-bigtktwrsvasdzabxduhtmxdgqvz/Build/Intermediates.noindex/PrecompiledHeaders -pch-disable-validation -module-name Runner -frontend-parseable-output -disable-clang-spi -target-sdk-version 18.2 -target-sdk-name iphonesimulator18.2 -external-plugin-path /Applications/Xcode.app/Contents/Developer/Platforms/iPhoneOS.platform/Developer/usr/lib/swift/host/plugins\#/Applications/Xcode.app/Contents/Developer/Platforms/iPhoneOS.platform/Developer/usr/bin/swift-plugin-server -external-plugin-path /Applications/Xcode.app/Contents/Developer/Platforms/iPhoneOS.platform/Developer/usr/local/lib/swift/host/plugins\#/Applications/Xcode.app/Contents/Developer/Platforms/iPhoneOS.platform/Developer/usr/bin/swift-plugin-server -plugin-path /Applications/Xcode.app/Contents/Developer/Toolchains/XcodeDefault.xctoolchain/usr/lib/swift/host/plugins -plugin-path /Applications/Xcode.app/Contents/Developer/Toolchains/XcodeDefault.xctoolchain/usr/local/lib/swift/host/plugins -o /Users/admin/Library/Developer/Xcode/DerivedData/Runner-bigtktwrsvasdzabxduhtmxdgqvz/Build/Intermediates.noindex/Runner.build/Debug-iphonesimulator/Runner.build/Objects-normal/arm64/SceneDelegate.o -index-unit-output-path /Runner.build/Debug-iphonesimulator/Runner.build/Objects-normal/arm64/SceneDelegate.o
<unknown>:0: error: no such file or directory: '/Users/admin/Library/Developer/Xcode/DerivedData/ModuleCache.noindex/Session.modulevalidation'
<unknown>:0: error: stat cache file '/Users/admin/Library/Developer/Xcode/DerivedData/SDKStatCaches.noindex/iphonesimulator18.2-22C146-07b28473f605e47e75261259d3ef3b5a.sdkstatcache' not found
<unknown>:0: error: stat cache file '/Users/admin/Library/Developer/Xcode/DerivedData/SDKStatCaches.noindex/iphonesimulator18.2-22C146-07b28473f605e47e75261259d3ef3b5a.sdkstatcache' not found

SwiftCompile normal arm64 Compiling\ AppDelegate.swift /Users/admin/StudioProjects/sbo/ios/Runner/AppDelegate.swift (in target 'Runner' from project 'Runner')
    cd /Users/admin/StudioProjects/sbo/ios
    builtin-swiftTaskExecution -- /Applications/Xcode.app/Contents/Developer/Toolchains/XcodeDefault.xctoolchain/usr/bin/swift-frontend -frontend -c -primary-file /Users/admin/StudioProjects/sbo/ios/Runner/AppDelegate.swift /Users/admin/StudioProjects/sbo/ios/Runner/SceneDelegate.swift /Users/admin/Library/Developer/Xcode/DerivedData/Runner-bigtktwrsvasdzabxduhtmxdgqvz/Build/Intermediates.noindex/Runner.build/Debug-iphonesimulator/Runner.build/DerivedSources/GeneratedAssetSymbols.swift -emit-dependencies-path /Users/admin/Library/Developer/Xcode/DerivedData/Runner-bigtktwrsvasdzabxduhtmxdgqvz/Build/Intermediates.noindex/Runner.build/Debug-iphonesimulator/Runner.build/Objects-normal/arm64/AppDelegate.d -emit-const-values-path /Users/admin/Library/Developer/Xcode/DerivedData/Runner-bigtktwrsvasdzabxduhtmxdgqvz/Build/Intermediates.noindex/Runner.build/Debug-iphonesimulator/Runner.build/Objects-normal/arm64/AppDelegate.swiftconstvalues -emit-reference-dependencies-path /Users/admin/Library/Developer/Xcode/DerivedData/Runner-bigtktwrsvasdzabxduhtmxdgqvz/Build/Intermediates.noindex/Runner.build/Debug-iphonesimulator/Runner.build/Objects-normal/arm64/AppDelegate.swiftdeps -serialize-diagnostics-path /Users/admin/Library/Developer/Xcode/DerivedData/Runner-bigtktwrsvasdzabxduhtmxdgqvz/Build/Intermediates.noindex/Runner.build/Debug-iphonesimulator/Runner.build/Objects-normal/arm64/AppDelegate.dia -target arm64-apple-ios15.0-simulator -Xllvm -aarch64-use-tbi -enable-objc-interop -sdk /Applications/Xcode.app/Contents/Developer/Platforms/iPhoneSimulator.platform/Developer/SDKs/iPhoneSimulator18.2.sdk -I /Users/admin/Library/Developer/Xcode/DerivedData/Runner-bigtktwrsvasdzabxduhtmxdgqvz/Build/Products/Debug-iphonesimulator -F /Users/admin/Library/Developer/Xcode/DerivedData/Runner-bigtktwrsvasdzabxduhtmxdgqvz/Build/Products/Debug-iphonesimulator -no-color-diagnostics -enable-testing -g -debug-info-format\=dwarf -dwarf-version\=4 -module-cache-path /Users/admin/Library/Developer/Xcode/DerivedData/ModuleCache.noindex -swift-version 5 -enforce-exclusivity\=checked -Onone -serialize-debugging-options -const-gather-protocols-file /Users/admin/Library/Developer/Xcode/DerivedData/Runner-bigtktwrsvasdzabxduhtmxdgqvz/Build/Intermediates.noindex/Runner.build/Debug-iphonesimulator/Runner.build/Objects-normal/arm64/Runner_const_extract_protocols.json -enable-experimental-feature DebugDescriptionMacro -enable-experimental-feature OpaqueTypeErasure -enable-bare-slash-regex -empty-abi-descriptor -validate-clang-modules-once -clang-build-session-file /Users/admin/Library/Developer/Xcode/DerivedData/ModuleCache.noindex/Session.modulevalidation -Xcc -working-directory -Xcc /Users/admin/StudioProjects/sbo/ios -resource-dir /Applications/Xcode.app/Contents/Developer/Toolchains/XcodeDefault.xctoolchain/usr/lib/swift -enable-anonymous-context-mangled-names -file-compilation-dir /Users/admin/StudioProjects/sbo/ios -Xcc -D_LIBCPP_HARDENING_MODE\=_LIBCPP_HARDENING_MODE_DEBUG -Xcc -ivfsstatcache -Xcc /Users/admin/Library/Developer/Xcode/DerivedData/SDKStatCaches.noindex/iphonesimulator18.2-22C146-07b28473f605e47e75261259d3ef3b5a.sdkstatcache -Xcc -I/Users/admin/Library/Developer/Xcode/DerivedData/Runner-bigtktwrsvasdzabxduhtmxdgqvz/Build/Intermediates.noindex/Runner.build/Debug-iphonesimulator/Runner.build/swift-overrides.hmap -Xcc -iquote -Xcc /Users/admin/Library/Developer/Xcode/DerivedData/Runner-bigtktwrsvasdzabxduhtmxdgqvz/Build/Intermediates.noindex/Runner.build/Debug-iphonesimulator/Runner.build/Runner-generated-files.hmap -Xcc -I/Users/admin/Library/Developer/Xcode/DerivedData/Runner-bigtktwrsvasdzabxduhtmxdgqvz/Build/Intermediates.noindex/Runner.build/Debug-iphonesimulator/Runner.build/Runner-own-target-headers.hmap -Xcc -I/Users/admin/Library/Developer/Xcode/DerivedData/Runner-bigtktwrsvasdzabxduhtmxdgqvz/Build/Intermediates.noindex/Runner.build/Debug-iphonesimulator/Runner.build/Runner-all-target-headers.hmap -Xcc -iquote -Xcc /Users/admin/Library/Developer/Xcode/DerivedData/Runner-bigtktwrsvasdzabxduhtmxdgqvz/Build/Intermediates.noindex/Runner.build/Debug-iphonesimulator/Runner.build/Runner-project-headers.hmap -Xcc -I/Users/admin/Library/Developer/Xcode/DerivedData/Runner-bigtktwrsvasdzabxduhtmxdgqvz/Build/Products/Debug-iphonesimulator/include -Xcc -I/Users/admin/Library/Developer/Xcode/DerivedData/Runner-bigtktwrsvasdzabxduhtmxdgqvz/Build/Intermediates.noindex/Runner.build/Debug-iphonesimulator/Runner.build/DerivedSources-normal/arm64 -Xcc -I/Users/admin/Library/Developer/Xcode/DerivedData/Runner-bigtktwrsvasdzabxduhtmxdgqvz/Build/Intermediates.noindex/Runner.build/Debug-iphonesimulator/Runner.build/DerivedSources/arm64 -Xcc -I/Users/admin/Library/Developer/Xcode/DerivedData/Runner-bigtktwrsvasdzabxduhtmxdgqvz/Build/Intermediates.noindex/Runner.build/Debug-iphonesimulator/Runner.build/DerivedSources -Xcc -DDEBUG\=1 -import-objc-header /Users/admin/StudioProjects/sbo/ios/Runner/Runner-Bridging-Header.h -pch-output-dir /Users/admin/Library/Developer/Xcode/DerivedData/Runner-bigtktwrsvasdzabxduhtmxdgqvz/Build/Intermediates.noindex/PrecompiledHeaders -pch-disable-validation -module-name Runner -frontend-parseable-output -disable-clang-spi -target-sdk-version 18.2 -target-sdk-name iphonesimulator18.2 -external-plugin-path /Applications/Xcode.app/Contents/Developer/Platforms/iPhoneOS.platform/Developer/usr/lib/swift/host/plugins\#/Applications/Xcode.app/Contents/Developer/Platforms/iPhoneOS.platform/Developer/usr/bin/swift-plugin-server -external-plugin-path /Applications/Xcode.app/Contents/Developer/Platforms/iPhoneOS.platform/Developer/usr/local/lib/swift/host/plugins\#/Applications/Xcode.app/Contents/Developer/Platforms/iPhoneOS.platform/Developer/usr/bin/swift-plugin-server -plugin-path /Applications/Xcode.app/Contents/Developer/Toolchains/XcodeDefault.xctoolchain/usr/lib/swift/host/plugins -plugin-path /Applications/Xcode.app/Contents/Developer/Toolchains/XcodeDefault.xctoolchain/usr/local/lib/swift/host/plugins -o /Users/admin/Library/Developer/Xcode/DerivedData/Runner-bigtktwrsvasdzabxduhtmxdgqvz/Build/Intermediates.noindex/Runner.build/Debug-iphonesimulator/Runner.build/Objects-normal/arm64/AppDelegate.o -index-unit-output-path /Runner.build/Debug-iphonesimulator/Runner.build/Objects-normal/arm64/AppDelegate.o
SwiftCompile normal arm64 /Users/admin/StudioProjects/sbo/ios/Runner/AppDelegate.swift (in target 'Runner' from project 'Runner')
    cd /Users/admin/StudioProjects/sbo/ios
    /Applications/Xcode.app/Contents/Developer/Toolchains/XcodeDefault.xctoolchain/usr/bin/swift-frontend -c -primary-file /Users/admin/StudioProjects/sbo/ios/Runner/AppDelegate.swift /Users/admin/StudioProjects/sbo/ios/Runner/SceneDelegate.swift /Users/admin/Library/Developer/Xcode/DerivedData/Runner-bigtktwrsvasdzabxduhtmxdgqvz/Build/Intermediates.noindex/Runner.build/Debug-iphonesimulator/Runner.build/DerivedSources/GeneratedAssetSymbols.swift -emit-dependencies-path /Users/admin/Library/Developer/Xcode/DerivedData/Runner-bigtktwrsvasdzabxduhtmxdgqvz/Build/Intermediates.noindex/Runner.build/Debug-iphonesimulator/Runner.build/Objects-normal/arm64/AppDelegate.d -emit-const-values-path /Users/admin/Library/Developer/Xcode/DerivedData/Runner-bigtktwrsvasdzabxduhtmxdgqvz/Build/Intermediates.noindex/Runner.build/Debug-iphonesimulator/Runner.build/Objects-normal/arm64/AppDelegate.swiftconstvalues -emit-reference-dependencies-path /Users/admin/Library/Developer/Xcode/DerivedData/Runner-bigtktwrsvasdzabxduhtmxdgqvz/Build/Intermediates.noindex/Runner.build/Debug-iphonesimulator/Runner.build/Objects-normal/arm64/AppDelegate.swiftdeps -serialize-diagnostics-path /Users/admin/Library/Developer/Xcode/DerivedData/Runner-bigtktwrsvasdzabxduhtmxdgqvz/Build/Intermediates.noindex/Runner.build/Debug-iphonesimulator/Runner.build/Objects-normal/arm64/AppDelegate.dia -target arm64-apple-ios15.0-simulator -Xllvm -aarch64-use-tbi -enable-objc-interop -sdk /Applications/Xcode.app/Contents/Developer/Platforms/iPhoneSimulator.platform/Developer/SDKs/iPhoneSimulator18.2.sdk -I /Users/admin/Library/Developer/Xcode/DerivedData/Runner-bigtktwrsvasdzabxduhtmxdgqvz/Build/Products/Debug-iphonesimulator -F /Users/admin/Library/Developer/Xcode/DerivedData/Runner-bigtktwrsvasdzabxduhtmxdgqvz/Build/Products/Debug-iphonesimulator -no-color-diagnostics -enable-testing -g -debug-info-format\=dwarf -dwarf-version\=4 -module-cache-path /Users/admin/Library/Developer/Xcode/DerivedData/ModuleCache.noindex -swift-version 5 -enforce-exclusivity\=checked -Onone -serialize-debugging-options -const-gather-protocols-file /Users/admin/Library/Developer/Xcode/DerivedData/Runner-bigtktwrsvasdzabxduhtmxdgqvz/Build/Intermediates.noindex/Runner.build/Debug-iphonesimulator/Runner.build/Objects-normal/arm64/Runner_const_extract_protocols.json -enable-experimental-feature DebugDescriptionMacro -enable-experimental-feature OpaqueTypeErasure -enable-bare-slash-regex -empty-abi-descriptor -validate-clang-modules-once -clang-build-session-file /Users/admin/Library/Developer/Xcode/DerivedData/ModuleCache.noindex/Session.modulevalidation -Xcc -working-directory -Xcc /Users/admin/StudioProjects/sbo/ios -resource-dir /Applications/Xcode.app/Contents/Developer/Toolchains/XcodeDefault.xctoolchain/usr/lib/swift -enable-anonymous-context-mangled-names -file-compilation-dir /Users/admin/StudioProjects/sbo/ios -Xcc -D_LIBCPP_HARDENING_MODE\=_LIBCPP_HARDENING_MODE_DEBUG -Xcc -ivfsstatcache -Xcc /Users/admin/Library/Developer/Xcode/DerivedData/SDKStatCaches.noindex/iphonesimulator18.2-22C146-07b28473f605e47e75261259d3ef3b5a.sdkstatcache -Xcc -I/Users/admin/Library/Developer/Xcode/DerivedData/Runner-bigtktwrsvasdzabxduhtmxdgqvz/Build/Intermediates.noindex/Runner.build/Debug-iphonesimulator/Runner.build/swift-overrides.hmap -Xcc -iquote -Xcc /Users/admin/Library/Developer/Xcode/DerivedData/Runner-bigtktwrsvasdzabxduhtmxdgqvz/Build/Intermediates.noindex/Runner.build/Debug-iphonesimulator/Runner.build/Runner-generated-files.hmap -Xcc -I/Users/admin/Library/Developer/Xcode/DerivedData/Runner-bigtktwrsvasdzabxduhtmxdgqvz/Build/Intermediates.noindex/Runner.build/Debug-iphonesimulator/Runner.build/Runner-own-target-headers.hmap -Xcc -I/Users/admin/Library/Developer/Xcode/DerivedData/Runner-bigtktwrsvasdzabxduhtmxdgqvz/Build/Intermediates.noindex/Runner.build/Debug-iphonesimulator/Runner.build/Runner-all-target-headers.hmap -Xcc -iquote -Xcc /Users/admin/Library/Developer/Xcode/DerivedData/Runner-bigtktwrsvasdzabxduhtmxdgqvz/Build/Intermediates.noindex/Runner.build/Debug-iphonesimulator/Runner.build/Runner-project-headers.hmap -Xcc -I/Users/admin/Library/Developer/Xcode/DerivedData/Runner-bigtktwrsvasdzabxduhtmxdgqvz/Build/Products/Debug-iphonesimulator/include -Xcc -I/Users/admin/Library/Developer/Xcode/DerivedData/Runner-bigtktwrsvasdzabxduhtmxdgqvz/Build/Intermediates.noindex/Runner.build/Debug-iphonesimulator/Runner.build/DerivedSources-normal/arm64 -Xcc -I/Users/admin/Library/Developer/Xcode/DerivedData/Runner-bigtktwrsvasdzabxduhtmxdgqvz/Build/Intermediates.noindex/Runner.build/Debug-iphonesimulator/Runner.build/DerivedSources/arm64 -Xcc -I/Users/admin/Library/Developer/Xcode/DerivedData/Runner-bigtktwrsvasdzabxduhtmxdgqvz/Build/Intermediates.noindex/Runner.build/Debug-iphonesimulator/Runner.build/DerivedSources -Xcc -DDEBUG\=1 -import-objc-header /Users/admin/StudioProjects/sbo/ios/Runner/Runner-Bridging-Header.h -pch-output-dir /Users/admin/Library/Developer/Xcode/DerivedData/Runner-bigtktwrsvasdzabxduhtmxdgqvz/Build/Intermediates.noindex/PrecompiledHeaders -pch-disable-validation -module-name Runner -frontend-parseable-output -disable-clang-spi -target-sdk-version 18.2 -target-sdk-name iphonesimulator18.2 -external-plugin-path /Applications/Xcode.app/Contents/Developer/Platforms/iPhoneOS.platform/Developer/usr/lib/swift/host/plugins\#/Applications/Xcode.app/Contents/Developer/Platforms/iPhoneOS.platform/Developer/usr/bin/swift-plugin-server -external-plugin-path /Applications/Xcode.app/Contents/Developer/Platforms/iPhoneOS.platform/Developer/usr/local/lib/swift/host/plugins\#/Applications/Xcode.app/Contents/Developer/Platforms/iPhoneOS.platform/Developer/usr/bin/swift-plugin-server -plugin-path /Applications/Xcode.app/Contents/Developer/Toolchains/XcodeDefault.xctoolchain/usr/lib/swift/host/plugins -plugin-path /Applications/Xcode.app/Contents/Developer/Toolchains/XcodeDefault.xctoolchain/usr/local/lib/swift/host/plugins -o /Users/admin/Library/Developer/Xcode/DerivedData/Runner-bigtktwrsvasdzabxduhtmxdgqvz/Build/Intermediates.noindex/Runner.build/Debug-iphonesimulator/Runner.build/Objects-normal/arm64/AppDelegate.o -index-unit-output-path /Runner.build/Debug-iphonesimulator/Runner.build/Objects-normal/arm64/AppDelegate.o

SwiftEmitModule normal arm64 Emitting\ module\ for\ Runner (in target 'Runner' from project 'Runner')
    cd /Users/admin/StudioProjects/sbo/ios
    builtin-swiftTaskExecution -- /Applications/Xcode.app/Contents/Developer/Toolchains/XcodeDefault.xctoolchain/usr/bin/swift-frontend -frontend -emit-module -experimental-skip-non-inlinable-function-bodies-without-types /Users/admin/StudioProjects/sbo/ios/Runner/AppDelegate.swift /Users/admin/StudioProjects/sbo/ios/Runner/SceneDelegate.swift /Users/admin/Library/Developer/Xcode/DerivedData/Runner-bigtktwrsvasdzabxduhtmxdgqvz/Build/Intermediates.noindex/Runner.build/Debug-iphonesimulator/Runner.build/DerivedSources/GeneratedAssetSymbols.swift -target arm64-apple-ios15.0-simulator -Xllvm -aarch64-use-tbi -enable-objc-interop -sdk /Applications/Xcode.app/Contents/Developer/Platforms/iPhoneSimulator.platform/Developer/SDKs/iPhoneSimulator18.2.sdk -I /Users/admin/Library/Developer/Xcode/DerivedData/Runner-bigtktwrsvasdzabxduhtmxdgqvz/Build/Products/Debug-iphonesimulator -F /Users/admin/Library/Developer/Xcode/DerivedData/Runner-bigtktwrsvasdzabxduhtmxdgqvz/Build/Products/Debug-iphonesimulator -no-color-diagnostics -enable-testing -g -debug-info-format\=dwarf -dwarf-version\=4 -module-cache-path /Users/admin/Library/Developer/Xcode/DerivedData/ModuleCache.noindex -swift-version 5 -enforce-exclusivity\=checked -Onone -serialize-debugging-options -const-gather-protocols-file /Users/admin/Library/Developer/Xcode/DerivedData/Runner-bigtktwrsvasdzabxduhtmxdgqvz/Build/Intermediates.noindex/Runner.build/Debug-iphonesimulator/Runner.build/Objects-normal/arm64/Runner_const_extract_protocols.json -enable-experimental-feature DebugDescriptionMacro -enable-experimental-feature OpaqueTypeErasure -enable-bare-slash-regex -empty-abi-descriptor -validate-clang-modules-once -clang-build-session-file /Users/admin/Library/Developer/Xcode/DerivedData/ModuleCache.noindex/Session.modulevalidation -Xcc -working-directory -Xcc /Users/admin/StudioProjects/sbo/ios -resource-dir /Applications/Xcode.app/Contents/Developer/Toolchains/XcodeDefault.xctoolchain/usr/lib/swift -enable-anonymous-context-mangled-names -file-compilation-dir /Users/admin/StudioProjects/sbo/ios -Xcc -D_LIBCPP_HARDENING_MODE\=_LIBCPP_HARDENING_MODE_DEBUG -Xcc -ivfsstatcache -Xcc /Users/admin/Library/Developer/Xcode/DerivedData/SDKStatCaches.noindex/iphonesimulator18.2-22C146-07b28473f605e47e75261259d3ef3b5a.sdkstatcache -Xcc -I/Users/admin/Library/Developer/Xcode/DerivedData/Runner-bigtktwrsvasdzabxduhtmxdgqvz/Build/Intermediates.noindex/Runner.build/Debug-iphonesimulator/Runner.build/swift-overrides.hmap -Xcc -iquote -Xcc /Users/admin/Library/Developer/Xcode/DerivedData/Runner-bigtktwrsvasdzabxduhtmxdgqvz/Build/Intermediates.noindex/Runner.build/Debug-iphonesimulator/Runner.build/Runner-generated-files.hmap -Xcc -I/Users/admin/Library/Developer/Xcode/DerivedData/Runner-bigtktwrsvasdzabxduhtmxdgqvz/Build/Intermediates.noindex/Runner.build/Debug-iphonesimulator/Runner.build/Runner-own-target-headers.hmap -Xcc -I/Users/admin/Library/Developer/Xcode/DerivedData/Runner-bigtktwrsvasdzabxduhtmxdgqvz/Build/Intermediates.noindex/Runner.build/Debug-iphonesimulator/Runner.build/Runner-all-target-headers.hmap -Xcc -iquote -Xcc /Users/admin/Library/Developer/Xcode/DerivedData/Runner-bigtktwrsvasdzabxduhtmxdgqvz/Build/Intermediates.noindex/Runner.build/Debug-iphonesimulator/Runner.build/Runner-project-headers.hmap -Xcc -I/Users/admin/Library/Developer/Xcode/DerivedData/Runner-bigtktwrsvasdzabxduhtmxdgqvz/Build/Products/Debug-iphonesimulator/include -Xcc -I/Users/admin/Library/Developer/Xcode/DerivedData/Runner-bigtktwrsvasdzabxduhtmxdgqvz/Build/Intermediates.noindex/Runner.build/Debug-iphonesimulator/Runner.build/DerivedSources-normal/arm64 -Xcc -I/Users/admin/Library/Developer/Xcode/DerivedData/Runner-bigtktwrsvasdzabxduhtmxdgqvz/Build/Intermediates.noindex/Runner.build/Debug-iphonesimulator/Runner.build/DerivedSources/arm64 -Xcc -I/Users/admin/Library/Developer/Xcode/DerivedData/Runner-bigtktwrsvasdzabxduhtmxdgqvz/Build/Intermediates.noindex/Runner.build/Debug-iphonesimulator/Runner.build/DerivedSources -Xcc -DDEBUG\=1 -import-objc-header /Users/admin/StudioProjects/sbo/ios/Runner/Runner-Bridging-Header.h -pch-output-dir /Users/admin/Library/Developer/Xcode/DerivedData/Runner-bigtktwrsvasdzabxduhtmxdgqvz/Build/Intermediates.noindex/PrecompiledHeaders -pch-disable-validation -module-name Runner -frontend-parseable-output -disable-clang-spi -target-sdk-version 18.2 -target-sdk-name iphonesimulator18.2 -external-plugin-path /Applications/Xcode.app/Contents/Developer/Platforms/iPhoneOS.platform/Developer/usr/lib/swift/host/plugins\#/Applications/Xcode.app/Contents/Developer/Platforms/iPhoneOS.platform/Developer/usr/bin/swift-plugin-server -external-plugin-path /Applications/Xcode.app/Contents/Developer/Platforms/iPhoneOS.platform/Developer/usr/local/lib/swift/host/plugins\#/Applications/Xcode.app/Contents/Developer/Platforms/iPhoneOS.platform/Developer/usr/bin/swift-plugin-server -plugin-path /Applications/Xcode.app/Contents/Developer/Toolchains/XcodeDefault.xctoolchain/usr/lib/swift/host/plugins -plugin-path /Applications/Xcode.app/Contents/Developer/Toolchains/XcodeDefault.xctoolchain/usr/local/lib/swift/host/plugins -emit-module-doc-path /Users/admin/Library/Developer/Xcode/DerivedData/Runner-bigtktwrsvasdzabxduhtmxdgqvz/Build/Intermediates.noindex/Runner.build/Debug-iphonesimulator/Runner.build/Objects-normal/arm64/Runner.swiftdoc -emit-module-source-info-path /Users/admin/Library/Developer/Xcode/DerivedData/Runner-bigtktwrsvasdzabxduhtmxdgqvz/Build/Intermediates.noindex/Runner.build/Debug-iphonesimulator/Runner.build/Objects-normal/arm64/Runner.swiftsourceinfo -emit-objc-header-path /Users/admin/Library/Developer/Xcode/DerivedData/Runner-bigtktwrsvasdzabxduhtmxdgqvz/Build/Intermediates.noindex/Runner.build/Debug-iphonesimulator/Runner.build/Objects-normal/arm64/Runner-Swift.h -serialize-diagnostics-path /Users/admin/Library/Developer/Xcode/DerivedData/Runner-bigtktwrsvasdzabxduhtmxdgqvz/Build/Intermediates.noindex/Runner.build/Debug-iphonesimulator/Runner.build/Objects-normal/arm64/Runner-master-emit-module.dia -emit-dependencies-path /Users/admin/Library/Developer/Xcode/DerivedData/Runner-bigtktwrsvasdzabxduhtmxdgqvz/Build/Intermediates.noindex/Runner.build/Debug-iphonesimulator/Runner.build/Objects-normal/arm64/Runner-master-emit-module.d -o /Users/admin/Library/Developer/Xcode/DerivedData/Runner-bigtktwrsvasdzabxduhtmxdgqvz/Build/Intermediates.noindex/Runner.build/Debug-iphonesimulator/Runner.build/Objects-normal/arm64/Runner.swiftmodule -emit-abi-descriptor-path /Users/admin/Library/Developer/Xcode/DerivedData/Runner-bigtktwrsvasdzabxduhtmxdgqvz/Build/Intermediates.noindex/Runner.build/Debug-iphonesimulator/Runner.build/Objects-normal/arm64/Runner.abi.json
EmitSwiftModule normal arm64 (in target 'Runner' from project 'Runner')
    cd /Users/admin/StudioProjects/sbo/ios
    /Applications/Xcode.app/Contents/Developer/Toolchains/XcodeDefault.xctoolchain/usr/bin/swift-frontend -emit-module -experimental-skip-non-inlinable-function-bodies-without-types /Users/admin/StudioProjects/sbo/ios/Runner/AppDelegate.swift /Users/admin/StudioProjects/sbo/ios/Runner/SceneDelegate.swift /Users/admin/Library/Developer/Xcode/DerivedData/Runner-bigtktwrsvasdzabxduhtmxdgqvz/Build/Intermediates.noindex/Runner.build/Debug-iphonesimulator/Runner.build/DerivedSources/GeneratedAssetSymbols.swift -target arm64-apple-ios15.0-simulator -Xllvm -aarch64-use-tbi -enable-objc-interop -sdk /Applications/Xcode.app/Contents/Developer/Platforms/iPhoneSimulator.platform/Developer/SDKs/iPhoneSimulator18.2.sdk -I /Users/admin/Library/Developer/Xcode/DerivedData/Runner-bigtktwrsvasdzabxduhtmxdgqvz/Build/Products/Debug-iphonesimulator -F /Users/admin/Library/Developer/Xcode/DerivedData/Runner-bigtktwrsvasdzabxduhtmxdgqvz/Build/Products/Debug-iphonesimulator -no-color-diagnostics -enable-testing -g -debug-info-format\=dwarf -dwarf-version\=4 -module-cache-path /Users/admin/Library/Developer/Xcode/DerivedData/ModuleCache.noindex -swift-version 5 -enforce-exclusivity\=checked -Onone -serialize-debugging-options -const-gather-protocols-file /Users/admin/Library/Developer/Xcode/DerivedData/Runner-bigtktwrsvasdzabxduhtmxdgqvz/Build/Intermediates.noindex/Runner.build/Debug-iphonesimulator/Runner.build/Objects-normal/arm64/Runner_const_extract_protocols.json -enable-experimental-feature DebugDescriptionMacro -enable-experimental-feature OpaqueTypeErasure -enable-bare-slash-regex -empty-abi-descriptor -validate-clang-modules-once -clang-build-session-file /Users/admin/Library/Developer/Xcode/DerivedData/ModuleCache.noindex/Session.modulevalidation -Xcc -working-directory -Xcc /Users/admin/StudioProjects/sbo/ios -resource-dir /Applications/Xcode.app/Contents/Developer/Toolchains/XcodeDefault.xctoolchain/usr/lib/swift -enable-anonymous-context-mangled-names -file-compilation-dir /Users/admin/StudioProjects/sbo/ios -Xcc -D_LIBCPP_HARDENING_MODE\=_LIBCPP_HARDENING_MODE_DEBUG -Xcc -ivfsstatcache -Xcc /Users/admin/Library/Developer/Xcode/DerivedData/SDKStatCaches.noindex/iphonesimulator18.2-22C146-07b28473f605e47e75261259d3ef3b5a.sdkstatcache -Xcc -I/Users/admin/Library/Developer/Xcode/DerivedData/Runner-bigtktwrsvasdzabxduhtmxdgqvz/Build/Intermediates.noindex/Runner.build/Debug-iphonesimulator/Runner.build/swift-overrides.hmap -Xcc -iquote -Xcc /Users/admin/Library/Developer/Xcode/DerivedData/Runner-bigtktwrsvasdzabxduhtmxdgqvz/Build/Intermediates.noindex/Runner.build/Debug-iphonesimulator/Runner.build/Runner-generated-files.hmap -Xcc -I/Users/admin/Library/Developer/Xcode/DerivedData/Runner-bigtktwrsvasdzabxduhtmxdgqvz/Build/Intermediates.noindex/Runner.build/Debug-iphonesimulator/Runner.build/Runner-own-target-headers.hmap -Xcc -I/Users/admin/Library/Developer/Xcode/DerivedData/Runner-bigtktwrsvasdzabxduhtmxdgqvz/Build/Intermediates.noindex/Runner.build/Debug-iphonesimulator/Runner.build/Runner-all-target-headers.hmap -Xcc -iquote -Xcc /Users/admin/Library/Developer/Xcode/DerivedData/Runner-bigtktwrsvasdzabxduhtmxdgqvz/Build/Intermediates.noindex/Runner.build/Debug-iphonesimulator/Runner.build/Runner-project-headers.hmap -Xcc -I/Users/admin/Library/Developer/Xcode/DerivedData/Runner-bigtktwrsvasdzabxduhtmxdgqvz/Build/Products/Debug-iphonesimulator/include -Xcc -I/Users/admin/Library/Developer/Xcode/DerivedData/Runner-bigtktwrsvasdzabxduhtmxdgqvz/Build/Intermediates.noindex/Runner.build/Debug-iphonesimulator/Runner.build/DerivedSources-normal/arm64 -Xcc -I/Users/admin/Library/Developer/Xcode/DerivedData/Runner-bigtktwrsvasdzabxduhtmxdgqvz/Build/Intermediates.noindex/Runner.build/Debug-iphonesimulator/Runner.build/DerivedSources/arm64 -Xcc -I/Users/admin/Library/Developer/Xcode/DerivedData/Runner-bigtktwrsvasdzabxduhtmxdgqvz/Build/Intermediates.noindex/Runner.build/Debug-iphonesimulator/Runner.build/DerivedSources -Xcc -DDEBUG\=1 -import-objc-header /Users/admin/StudioProjects/sbo/ios/Runner/Runner-Bridging-Header.h -pch-output-dir /Users/admin/Library/Developer/Xcode/DerivedData/Runner-bigtktwrsvasdzabxduhtmxdgqvz/Build/Intermediates.noindex/PrecompiledHeaders -pch-disable-validation -module-name Runner -frontend-parseable-output -disable-clang-spi -target-sdk-version 18.2 -target-sdk-name iphonesimulator18.2 -external-plugin-path /Applications/Xcode.app/Contents/Developer/Platforms/iPhoneOS.platform/Developer/usr/lib/swift/host/plugins\#/Applications/Xcode.app/Contents/Developer/Platforms/iPhoneOS.platform/Developer/usr/bin/swift-plugin-server -external-plugin-path /Applications/Xcode.app/Contents/Developer/Platforms/iPhoneOS.platform/Developer/usr/local/lib/swift/host/plugins\#/Applications/Xcode.app/Contents/Developer/Platforms/iPhoneOS.platform/Developer/usr/bin/swift-plugin-server -plugin-path /Applications/Xcode.app/Contents/Developer/Toolchains/XcodeDefault.xctoolchain/usr/lib/swift/host/plugins -plugin-path /Applications/Xcode.app/Contents/Developer/Toolchains/XcodeDefault.xctoolchain/usr/local/lib/swift/host/plugins -emit-module-doc-path /Users/admin/Library/Developer/Xcode/DerivedData/Runner-bigtktwrsvasdzabxduhtmxdgqvz/Build/Intermediates.noindex/Runner.build/Debug-iphonesimulator/Runner.build/Objects-normal/arm64/Runner.swiftdoc -emit-module-source-info-path /Users/admin/Library/Developer/Xcode/DerivedData/Runner-bigtktwrsvasdzabxduhtmxdgqvz/Build/Intermediates.noindex/Runner.build/Debug-iphonesimulator/Runner.build/Objects-normal/arm64/Runner.swiftsourceinfo -emit-objc-header-path /Users/admin/Library/Developer/Xcode/DerivedData/Runner-bigtktwrsvasdzabxduhtmxdgqvz/Build/Intermediates.noindex/Runner.build/Debug-iphonesimulator/Runner.build/Objects-normal/arm64/Runner-Swift.h -serialize-diagnostics-path /Users/admin/Library/Developer/Xcode/DerivedData/Runner-bigtktwrsvasdzabxduhtmxdgqvz/Build/Intermediates.noindex/Runner.build/Debug-iphonesimulator/Runner.build/Objects-normal/arm64/Runner-master-emit-module.dia -emit-dependencies-path /Users/admin/Library/Developer/Xcode/DerivedData/Runner-bigtktwrsvasdzabxduhtmxdgqvz/Build/Intermediates.noindex/Runner.build/Debug-iphonesimulator/Runner.build/Objects-normal/arm64/Runner-master-emit-module.d -o /Users/admin/Library/Developer/Xcode/DerivedData/Runner-bigtktwrsvasdzabxduhtmxdgqvz/Build/Intermediates.noindex/Runner.build/Debug-iphonesimulator/Runner.build/Objects-normal/arm64/Runner.swiftmodule -emit-abi-descriptor-path /Users/admin/Library/Developer/Xcode/DerivedData/Runner-bigtktwrsvasdzabxduhtmxdgqvz/Build/Intermediates.noindex/Runner.build/Debug-iphonesimulator/Runner.build/Objects-normal/arm64/Runner.abi.json

SwiftCompile normal arm64 Compiling\ GeneratedAssetSymbols.swift /Users/admin/Library/Developer/Xcode/DerivedData/Runner-bigtktwrsvasdzabxduhtmxdgqvz/Build/Intermediates.noindex/Runner.build/Debug-iphonesimulator/Runner.build/DerivedSources/GeneratedAssetSymbols.swift (in target 'Runner' from project 'Runner')
    cd /Users/admin/StudioProjects/sbo/ios
    builtin-swiftTaskExecution -- /Applications/Xcode.app/Contents/Developer/Toolchains/XcodeDefault.xctoolchain/usr/bin/swift-frontend -frontend -c /Users/admin/StudioProjects/sbo/ios/Runner/AppDelegate.swift /Users/admin/StudioProjects/sbo/ios/Runner/SceneDelegate.swift -primary-file /Users/admin/Library/Developer/Xcode/DerivedData/Runner-bigtktwrsvasdzabxduhtmxdgqvz/Build/Intermediates.noindex/Runner.build/Debug-iphonesimulator/Runner.build/DerivedSources/GeneratedAssetSymbols.swift -emit-dependencies-path /Users/admin/Library/Developer/Xcode/DerivedData/Runner-bigtktwrsvasdzabxduhtmxdgqvz/Build/Intermediates.noindex/Runner.build/Debug-iphonesimulator/Runner.build/Objects-normal/arm64/GeneratedAssetSymbols.d -emit-const-values-path /Users/admin/Library/Developer/Xcode/DerivedData/Runner-bigtktwrsvasdzabxduhtmxdgqvz/Build/Intermediates.noindex/Runner.build/Debug-iphonesimulator/Runner.build/Objects-normal/arm64/GeneratedAssetSymbols.swiftconstvalues -emit-reference-dependencies-path /Users/admin/Library/Developer/Xcode/DerivedData/Runner-bigtktwrsvasdzabxduhtmxdgqvz/Build/Intermediates.noindex/Runner.build/Debug-iphonesimulator/Runner.build/Objects-normal/arm64/GeneratedAssetSymbols.swiftdeps -serialize-diagnostics-path /Users/admin/Library/Developer/Xcode/DerivedData/Runner-bigtktwrsvasdzabxduhtmxdgqvz/Build/Intermediates.noindex/Runner.build/Debug-iphonesimulator/Runner.build/Objects-normal/arm64/GeneratedAssetSymbols.dia -target arm64-apple-ios15.0-simulator -Xllvm -aarch64-use-tbi -enable-objc-interop -sdk /Applications/Xcode.app/Contents/Developer/Platforms/iPhoneSimulator.platform/Developer/SDKs/iPhoneSimulator18.2.sdk -I /Users/admin/Library/Developer/Xcode/DerivedData/Runner-bigtktwrsvasdzabxduhtmxdgqvz/Build/Products/Debug-iphonesimulator -F /Users/admin/Library/Developer/Xcode/DerivedData/Runner-bigtktwrsvasdzabxduhtmxdgqvz/Build/Products/Debug-iphonesimulator -no-color-diagnostics -enable-testing -g -debug-info-format\=dwarf -dwarf-version\=4 -module-cache-path /Users/admin/Library/Developer/Xcode/DerivedData/ModuleCache.noindex -swift-version 5 -enforce-exclusivity\=checked -Onone -serialize-debugging-options -const-gather-protocols-file /Users/admin/Library/Developer/Xcode/DerivedData/Runner-bigtktwrsvasdzabxduhtmxdgqvz/Build/Intermediates.noindex/Runner.build/Debug-iphonesimulator/Runner.build/Objects-normal/arm64/Runner_const_extract_protocols.json -enable-experimental-feature DebugDescriptionMacro -enable-experimental-feature OpaqueTypeErasure -enable-bare-slash-regex -empty-abi-descriptor -validate-clang-modules-once -clang-build-session-file /Users/admin/Library/Developer/Xcode/DerivedData/ModuleCache.noindex/Session.modulevalidation -Xcc -working-directory -Xcc /Users/admin/StudioProjects/sbo/ios -resource-dir /Applications/Xcode.app/Contents/Developer/Toolchains/XcodeDefault.xctoolchain/usr/lib/swift -enable-anonymous-context-mangled-names -file-compilation-dir /Users/admin/StudioProjects/sbo/ios -Xcc -D_LIBCPP_HARDENING_MODE\=_LIBCPP_HARDENING_MODE_DEBUG -Xcc -ivfsstatcache -Xcc /Users/admin/Library/Developer/Xcode/DerivedData/SDKStatCaches.noindex/iphonesimulator18.2-22C146-07b28473f605e47e75261259d3ef3b5a.sdkstatcache -Xcc -I/Users/admin/Library/Developer/Xcode/DerivedData/Runner-bigtktwrsvasdzabxduhtmxdgqvz/Build/Intermediates.noindex/Runner.build/Debug-iphonesimulator/Runner.build/swift-overrides.hmap -Xcc -iquote -Xcc /Users/admin/Library/Developer/Xcode/DerivedData/Runner-bigtktwrsvasdzabxduhtmxdgqvz/Build/Intermediates.noindex/Runner.build/Debug-iphonesimulator/Runner.build/Runner-generated-files.hmap -Xcc -I/Users/admin/Library/Developer/Xcode/DerivedData/Runner-bigtktwrsvasdzabxduhtmxdgqvz/Build/Intermediates.noindex/Runner.build/Debug-iphonesimulator/Runner.build/Runner-own-target-headers.hmap -Xcc -I/Users/admin/Library/Developer/Xcode/DerivedData/Runner-bigtktwrsvasdzabxduhtmxdgqvz/Build/Intermediates.noindex/Runner.build/Debug-iphonesimulator/Runner.build/Runner-all-target-headers.hmap -Xcc -iquote -Xcc /Users/admin/Library/Developer/Xcode/DerivedData/Runner-bigtktwrsvasdzabxduhtmxdgqvz/Build/Intermediates.noindex/Runner.build/Debug-iphonesimulator/Runner.build/Runner-project-headers.hmap -Xcc -I/Users/admin/Library/Developer/Xcode/DerivedData/Runner-bigtktwrsvasdzabxduhtmxdgqvz/Build/Products/Debug-iphonesimulator/include -Xcc -I/Users/admin/Library/Developer/Xcode/DerivedData/Runner-bigtktwrsvasdzabxduhtmxdgqvz/Build/Intermediates.noindex/Runner.build/Debug-iphonesimulator/Runner.build/DerivedSources-normal/arm64 -Xcc -I/Users/admin/Library/Developer/Xcode/DerivedData/Runner-bigtktwrsvasdzabxduhtmxdgqvz/Build/Intermediates.noindex/Runner.build/Debug-iphonesimulator/Runner.build/DerivedSources/arm64 -Xcc -I/Users/admin/Library/Developer/Xcode/DerivedData/Runner-bigtktwrsvasdzabxduhtmxdgqvz/Build/Intermediates.noindex/Runner.build/Debug-iphonesimulator/Runner.build/DerivedSources -Xcc -DDEBUG\=1 -import-objc-header /Users/admin/StudioProjects/sbo/ios/Runner/Runner-Bridging-Header.h -pch-output-dir /Users/admin/Library/Developer/Xcode/DerivedData/Runner-bigtktwrsvasdzabxduhtmxdgqvz/Build/Intermediates.noindex/PrecompiledHeaders -pch-disable-validation -module-name Runner -frontend-parseable-output -disable-clang-spi -target-sdk-version 18.2 -target-sdk-name iphonesimulator18.2 -external-plugin-path /Applications/Xcode.app/Contents/Developer/Platforms/iPhoneOS.platform/Developer/usr/lib/swift/host/plugins\#/Applications/Xcode.app/Contents/Developer/Platforms/iPhoneOS.platform/Developer/usr/bin/swift-plugin-server -external-plugin-path /Applications/Xcode.app/Contents/Developer/Platforms/iPhoneOS.platform/Developer/usr/local/lib/swift/host/plugins\#/Applications/Xcode.app/Contents/Developer/Platforms/iPhoneOS.platform/Developer/usr/bin/swift-plugin-server -plugin-path /Applications/Xcode.app/Contents/Developer/Toolchains/XcodeDefault.xctoolchain/usr/lib/swift/host/plugins -plugin-path /Applications/Xcode.app/Contents/Developer/Toolchains/XcodeDefault.xctoolchain/usr/local/lib/swift/host/plugins -o /Users/admin/Library/Developer/Xcode/DerivedData/Runner-bigtktwrsvasdzabxduhtmxdgqvz/Build/Intermediates.noindex/Runner.build/Debug-iphonesimulator/Runner.build/Objects-normal/arm64/GeneratedAssetSymbols.o -index-unit-output-path /Runner.build/Debug-iphonesimulator/Runner.build/Objects-normal/arm64/GeneratedAssetSymbols.o
SwiftCompile normal arm64 /Users/admin/Library/Developer/Xcode/DerivedData/Runner-bigtktwrsvasdzabxduhtmxdgqvz/Build/Intermediates.noindex/Runner.build/Debug-iphonesimulator/Runner.build/DerivedSources/GeneratedAssetSymbols.swift (in target 'Runner' from project 'Runner')
    cd /Users/admin/StudioProjects/sbo/ios
    /Applications/Xcode.app/Contents/Developer/Toolchains/XcodeDefault.xctoolchain/usr/bin/swift-frontend -c /Users/admin/StudioProjects/sbo/ios/Runner/AppDelegate.swift /Users/admin/StudioProjects/sbo/ios/Runner/SceneDelegate.swift -primary-file /Users/admin/Library/Developer/Xcode/DerivedData/Runner-bigtktwrsvasdzabxduhtmxdgqvz/Build/Intermediates.noindex/Runner.build/Debug-iphonesimulator/Runner.build/DerivedSources/GeneratedAssetSymbols.swift -emit-dependencies-path /Users/admin/Library/Developer/Xcode/DerivedData/Runner-bigtktwrsvasdzabxduhtmxdgqvz/Build/Intermediates.noindex/Runner.build/Debug-iphonesimulator/Runner.build/Objects-normal/arm64/GeneratedAssetSymbols.d -emit-const-values-path /Users/admin/Library/Developer/Xcode/DerivedData/Runner-bigtktwrsvasdzabxduhtmxdgqvz/Build/Intermediates.noindex/Runner.build/Debug-iphonesimulator/Runner.build/Objects-normal/arm64/GeneratedAssetSymbols.swiftconstvalues -emit-reference-dependencies-path /Users/admin/Library/Developer/Xcode/DerivedData/Runner-bigtktwrsvasdzabxduhtmxdgqvz/Build/Intermediates.noindex/Runner.build/Debug-iphonesimulator/Runner.build/Objects-normal/arm64/GeneratedAssetSymbols.swiftdeps -serialize-diagnostics-path /Users/admin/Library/Developer/Xcode/DerivedData/Runner-bigtktwrsvasdzabxduhtmxdgqvz/Build/Intermediates.noindex/Runner.build/Debug-iphonesimulator/Runner.build/Objects-normal/arm64/GeneratedAssetSymbols.dia -target arm64-apple-ios15.0-simulator -Xllvm -aarch64-use-tbi -enable-objc-interop -sdk /Applications/Xcode.app/Contents/Developer/Platforms/iPhoneSimulator.platform/Developer/SDKs/iPhoneSimulator18.2.sdk -I /Users/admin/Library/Developer/Xcode/DerivedData/Runner-bigtktwrsvasdzabxduhtmxdgqvz/Build/Products/Debug-iphonesimulator -F /Users/admin/Library/Developer/Xcode/DerivedData/Runner-bigtktwrsvasdzabxduhtmxdgqvz/Build/Products/Debug-iphonesimulator -no-color-diagnostics -enable-testing -g -debug-info-format\=dwarf -dwarf-version\=4 -module-cache-path /Users/admin/Library/Developer/Xcode/DerivedData/ModuleCache.noindex -swift-version 5 -enforce-exclusivity\=checked -Onone -serialize-debugging-options -const-gather-protocols-file /Users/admin/Library/Developer/Xcode/DerivedData/Runner-bigtktwrsvasdzabxduhtmxdgqvz/Build/Intermediates.noindex/Runner.build/Debug-iphonesimulator/Runner.build/Objects-normal/arm64/Runner_const_extract_protocols.json -enable-experimental-feature DebugDescriptionMacro -enable-experimental-feature OpaqueTypeErasure -enable-bare-slash-regex -empty-abi-descriptor -validate-clang-modules-once -clang-build-session-file /Users/admin/Library/Developer/Xcode/DerivedData/ModuleCache.noindex/Session.modulevalidation -Xcc -working-directory -Xcc /Users/admin/StudioProjects/sbo/ios -resource-dir /Applications/Xcode.app/Contents/Developer/Toolchains/XcodeDefault.xctoolchain/usr/lib/swift -enable-anonymous-context-mangled-names -file-compilation-dir /Users/admin/StudioProjects/sbo/ios -Xcc -D_LIBCPP_HARDENING_MODE\=_LIBCPP_HARDENING_MODE_DEBUG -Xcc -ivfsstatcache -Xcc /Users/admin/Library/Developer/Xcode/DerivedData/SDKStatCaches.noindex/iphonesimulator18.2-22C146-07b28473f605e47e75261259d3ef3b5a.sdkstatcache -Xcc -I/Users/admin/Library/Developer/Xcode/DerivedData/Runner-bigtktwrsvasdzabxduhtmxdgqvz/Build/Intermediates.noindex/Runner.build/Debug-iphonesimulator/Runner.build/swift-overrides.hmap -Xcc -iquote -Xcc /Users/admin/Library/Developer/Xcode/DerivedData/Runner-bigtktwrsvasdzabxduhtmxdgqvz/Build/Intermediates.noindex/Runner.build/Debug-iphonesimulator/Runner.build/Runner-generated-files.hmap -Xcc -I/Users/admin/Library/Developer/Xcode/DerivedData/Runner-bigtktwrsvasdzabxduhtmxdgqvz/Build/Intermediates.noindex/Runner.build/Debug-iphonesimulator/Runner.build/Runner-own-target-headers.hmap -Xcc -I/Users/admin/Library/Developer/Xcode/DerivedData/Runner-bigtktwrsvasdzabxduhtmxdgqvz/Build/Intermediates.noindex/Runner.build/Debug-iphonesimulator/Runner.build/Runner-all-target-headers.hmap -Xcc -iquote -Xcc /Users/admin/Library/Developer/Xcode/DerivedData/Runner-bigtktwrsvasdzabxduhtmxdgqvz/Build/Intermediates.noindex/Runner.build/Debug-iphonesimulator/Runner.build/Runner-project-headers.hmap -Xcc -I/Users/admin/Library/Developer/Xcode/DerivedData/Runner-bigtktwrsvasdzabxduhtmxdgqvz/Build/Products/Debug-iphonesimulator/include -Xcc -I/Users/admin/Library/Developer/Xcode/DerivedData/Runner-bigtktwrsvasdzabxduhtmxdgqvz/Build/Intermediates.noindex/Runner.build/Debug-iphonesimulator/Runner.build/DerivedSources-normal/arm64 -Xcc -I/Users/admin/Library/Developer/Xcode/DerivedData/Runner-bigtktwrsvasdzabxduhtmxdgqvz/Build/Intermediates.noindex/Runner.build/Debug-iphonesimulator/Runner.build/DerivedSources/arm64 -Xcc -I/Users/admin/Library/Developer/Xcode/DerivedData/Runner-bigtktwrsvasdzabxduhtmxdgqvz/Build/Intermediates.noindex/Runner.build/Debug-iphonesimulator/Runner.build/DerivedSources -Xcc -DDEBUG\=1 -import-objc-header /Users/admin/StudioProjects/sbo/ios/Runner/Runner-Bridging-Header.h -pch-output-dir /Users/admin/Library/Developer/Xcode/DerivedData/Runner-bigtktwrsvasdzabxduhtmxdgqvz/Build/Intermediates.noindex/PrecompiledHeaders -pch-disable-validation -module-name Runner -frontend-parseable-output -disable-clang-spi -target-sdk-version 18.2 -target-sdk-name iphonesimulator18.2 -external-plugin-path /Applications/Xcode.app/Contents/Developer/Platforms/iPhoneOS.platform/Developer/usr/lib/swift/host/plugins\#/Applications/Xcode.app/Contents/Developer/Platforms/iPhoneOS.platform/Developer/usr/bin/swift-plugin-server -external-plugin-path /Applications/Xcode.app/Contents/Developer/Platforms/iPhoneOS.platform/Developer/usr/local/lib/swift/host/plugins\#/Applications/Xcode.app/Contents/Developer/Platforms/iPhoneOS.platform/Developer/usr/bin/swift-plugin-server -plugin-path /Applications/Xcode.app/Contents/Developer/Toolchains/XcodeDefault.xctoolchain/usr/lib/swift/host/plugins -plugin-path /Applications/Xcode.app/Contents/Developer/Toolchains/XcodeDefault.xctoolchain/usr/local/lib/swift/host/plugins -o /Users/admin/Library/Developer/Xcode/DerivedData/Runner-bigtktwrsvasdzabxduhtmxdgqvz/Build/Intermediates.noindex/Runner.build/Debug-iphonesimulator/Runner.build/Objects-normal/arm64/GeneratedAssetSymbols.o -index-unit-output-path /Runner.build/Debug-iphonesimulator/Runner.build/Objects-normal/arm64/GeneratedAssetSymbols.o
<unknown>:0: error: no such file or directory: '/Users/admin/Library/Developer/Xcode/DerivedData/ModuleCache.noindex/Session.modulevalidation'
<unknown>:0: error: stat cache file '/Users/admin/Library/Developer/Xcode/DerivedData/SDKStatCaches.noindex/iphonesimulator18.2-22C146-07b28473f605e47e75261259d3ef3b5a.sdkstatcache' not found
<unknown>:0: error: stat cache file '/Users/admin/Library/Developer/Xcode/DerivedData/SDKStatCaches.noindex/iphonesimulator18.2-22C146-07b28473f605e47e75261259d3ef3b5a.sdkstatcache' not found

note: Run script build phase 'Run Script' will be run during every build because the option to run the script phase "Based on dependency analysis" is unchecked. (in target 'Runner' from project 'Runner')
note: Run script build phase 'Thin Binary' will be run during every build because the option to run the script phase "Based on dependency analysis" is unchecked. (in target 'Runner' from project 'Runner')
** BUILD FAILED **


The following build commands failed:
	SwiftCompile normal arm64 /Users/admin/StudioProjects/sbo/ios/Runner/SceneDelegate.swift (in target 'Runner' from project 'Runner')
	SwiftCompile normal arm64 Compiling\ SceneDelegate.swift /Users/admin/StudioProjects/sbo/ios/Runner/SceneDelegate.swift (in target 'Runner' from project 'Runner')
	SwiftCompile normal arm64 /Users/admin/Library/Developer/Xcode/DerivedData/Runner-bigtktwrsvasdzabxduhtmxdgqvz/Build/Intermediates.noindex/Runner.build/Debug-iphonesimulator/Runner.build/DerivedSources/GeneratedAssetSymbols.swift (in target 'Runner' from project 'Runner')
	Building project Runner with scheme Runner and configuration Debug
(4 failures)
